Component: ARM Compiler 5.06 update 6 (build 750) Tool: armlink [4d35ed]

==============================================================================

Section Cross References

    startup_stm32l151xba.o(RESET) refers to startup_stm32l151xba.o(STACK) for __initial_sp
    startup_stm32l151xba.o(RESET) refers to startup_stm32l151xba.o(.text) for Reset_Handler
    startup_stm32l151xba.o(RESET) refers to stm32l1xx_it.o(i.NMI_Handler) for NMI_Handler
    startup_stm32l151xba.o(RESET) refers to stm32l1xx_it.o(i.HardFault_Handler) for HardFault_Handler
    startup_stm32l151xba.o(RESET) refers to stm32l1xx_it.o(i.MemManage_Handler) for MemManage_Handler
    startup_stm32l151xba.o(RESET) refers to stm32l1xx_it.o(i.BusFault_Handler) for BusFault_Handler
    startup_stm32l151xba.o(RESET) refers to stm32l1xx_it.o(i.UsageFault_Handler) for UsageFault_Handler
    startup_stm32l151xba.o(RESET) refers to stm32l1xx_it.o(i.SVC_Handler) for SVC_Handler
    startup_stm32l151xba.o(RESET) refers to stm32l1xx_it.o(i.DebugMon_Handler) for DebugMon_Handler
    startup_stm32l151xba.o(RESET) refers to stm32l1xx_it.o(i.PendSV_Handler) for PendSV_Handler
    startup_stm32l151xba.o(RESET) refers to stm32l1xx_it.o(i.SysTick_Handler) for SysTick_Handler
    startup_stm32l151xba.o(RESET) refers to stm32l1xx_it.o(i.DMA1_Channel5_IRQHandler) for DMA1_Channel5_IRQHandler
    startup_stm32l151xba.o(RESET) refers to stm32l1xx_it.o(i.TIM2_IRQHandler) for TIM2_IRQHandler
    startup_stm32l151xba.o(RESET) refers to stm32l1xx_it.o(i.USART1_IRQHandler) for USART1_IRQHandler
    startup_stm32l151xba.o(RESET) refers to stm32l1xx_it.o(i.USART2_IRQHandler) for USART2_IRQHandler
    startup_stm32l151xba.o(.text) refers to system_stm32l1xx.o(i.SystemInit) for SystemInit
    startup_stm32l151xba.o(.text) refers to entry.o(.ARM.Collect$$$$00000000) for __main
    main.o(i.HAL_UART_RxCpltCallback) refers to stm32l1xx_hal_uart.o(i.HAL_UART_Receive_IT) for HAL_UART_Receive_IT
    main.o(i.HAL_UART_RxCpltCallback) refers to main.o(i.ifRecData) for ifRecData
    main.o(i.HAL_UART_RxCpltCallback) refers to main.o(.data) for .data
    main.o(i.HAL_UART_RxCpltCallback) refers to main.o(.bss) for .bss
    main.o(i.MX_TIM2_Init) refers to stm32l1xx_hal_tim.o(i.HAL_TIM_Base_Init) for HAL_TIM_Base_Init
    main.o(i.MX_TIM2_Init) refers to stm32l1xx_hal_tim.o(i.HAL_TIM_ConfigClockSource) for HAL_TIM_ConfigClockSource
    main.o(i.MX_TIM2_Init) refers to stm32l1xx_hal_tim.o(i.HAL_TIM_PWM_Init) for HAL_TIM_PWM_Init
    main.o(i.MX_TIM2_Init) refers to stm32l1xx_hal_tim_ex.o(i.HAL_TIMEx_MasterConfigSynchronization) for HAL_TIMEx_MasterConfigSynchronization
    main.o(i.MX_TIM2_Init) refers to stm32l1xx_hal_tim.o(i.HAL_TIM_PWM_ConfigChannel) for HAL_TIM_PWM_ConfigChannel
    main.o(i.MX_TIM2_Init) refers to stm32l1xx_hal_msp.o(i.HAL_TIM_MspPostInit) for HAL_TIM_MspPostInit
    main.o(i.MX_TIM2_Init) refers to main.o(.bss) for .bss
    main.o(i.SystemClock_Config) refers to memseta.o(.text) for __aeabi_memclr4
    main.o(i.SystemClock_Config) refers to stm32l1xx_hal_rcc.o(i.HAL_RCC_OscConfig) for HAL_RCC_OscConfig
    main.o(i.SystemClock_Config) refers to stm32l1xx_hal_rcc.o(i.HAL_RCC_ClockConfig) for HAL_RCC_ClockConfig
    main.o(i.fputc) refers to stm32l1xx_hal_uart.o(i.HAL_UART_Transmit) for HAL_UART_Transmit
    main.o(i.fputc) refers to main.o(.bss) for .bss
    main.o(i.ifRecData) refers to printf2.o(i.__0printf$2) for __2printf
    main.o(i.ifRecData) refers to memseta.o(.text) for __aeabi_memclr4
    main.o(i.ifRecData) refers to main.o(i.processData) for processData
    main.o(i.ifRecData) refers to stm32l1xx_hal_uart.o(i.HAL_UART_Receive_IT) for HAL_UART_Receive_IT
    main.o(i.ifRecData) refers to main.o(.data) for .data
    main.o(i.ifRecData) refers to main.o(.bss) for .bss
    main.o(i.main) refers to stm32l1xx_hal.o(i.HAL_Init) for HAL_Init
    main.o(i.main) refers to main.o(i.SystemClock_Config) for SystemClock_Config
    main.o(i.main) refers to stm32l1xx_hal_cortex.o(i.HAL_NVIC_SetPriority) for HAL_NVIC_SetPriority
    main.o(i.main) refers to stm32l1xx_hal_cortex.o(i.HAL_NVIC_EnableIRQ) for HAL_NVIC_EnableIRQ
    main.o(i.main) refers to main.o(i.MX_TIM2_Init) for MX_TIM2_Init
    main.o(i.main) refers to stm32l1xx_hal_uart.o(i.HAL_UART_Init) for HAL_UART_Init
    main.o(i.main) refers to printf2.o(i.__0printf$2) for __2printf
    main.o(i.main) refers to stm32l1xx_hal_uart.o(i.HAL_UART_Receive_IT) for HAL_UART_Receive_IT
    main.o(i.main) refers to stm32l1xx_hal_tim.o(i.HAL_TIM_PWM_Start) for HAL_TIM_PWM_Start
    main.o(i.main) refers to ws2812b.o(i.WS2812B_Init) for WS2812B_Init
    main.o(i.main) refers to main.o(.bss) for .bss
    main.o(i.main) refers to main.o(.data) for .data
    main.o(i.processData) refers to strcmp.o(.text) for strcmp
    main.o(i.processData) refers to printf2.o(i.__0printf$2) for __2printf
    main.o(i.processData) refers to main.o(i.setLights) for setLights
    main.o(i.processData) refers to main.o(.data) for .data
[...]
    printfa.o(i.__0vsnprintf) refers to printfa.o(i._printf_core) for _printf_core
    printfa.o(i.__0vsnprintf) refers to printfa.o(i._snputc) for _snputc
    printfa.o(i.__0vsprintf) refers (Special) to iusefp.o(.text) for __I$use$fp
    printfa.o(i.__0vsprintf) refers to printfa.o(i._printf_core) for _printf_core
    printfa.o(i.__0vsprintf) refers to printfa.o(i._sputc) for _sputc
    printfa.o(i._fp_digits) refers (Special) to iusefp.o(.text) for __I$use$fp
    printfa.o(i._fp_digits) refers to dmul.o(.text) for __aeabi_dmul
    printfa.o(i._fp_digits) refers to ddiv.o(.text) for __aeabi_ddiv
    printfa.o(i._fp_digits) refers to cdrcmple.o(.text) for __aeabi_cdrcmple
    printfa.o(i._fp_digits) refers to dadd.o(.text) for __aeabi_dadd
    printfa.o(i._fp_digits) refers to dfixul.o(.text) for __aeabi_d2ulz
    printfa.o(i._fp_digits) refers to uldiv.o(.text) for __aeabi_uldivmod
    printfa.o(i._printf_core) refers (Special) to iusefp.o(.text) for __I$use$fp
    printfa.o(i._printf_core) refers to printfa.o(i._printf_pre_padding) for _printf_pre_padding
    printfa.o(i._printf_core) refers to uldiv.o(.text) for __aeabi_uldivmod
    printfa.o(i._printf_core) refers to printfa.o(i._printf_post_padding) for _printf_post_padding
    printfa.o(i._printf_core) refers to printfa.o(i._fp_digits) for _fp_digits
    printfa.o(i._printf_core) refers to uidiv.o(.text) for __aeabi_uidivmod
    printfa.o(i._printf_post_padding) refers (Special) to iusefp.o(.text) for __I$use$fp
    printfa.o(i._printf_pre_padding) refers (Special) to iusefp.o(.text) for __I$use$fp
    printfa.o(i._snputc) refers (Special) to iusefp.o(.text) for __I$use$fp
    printfa.o(i._sputc) refers (Special) to iusefp.o(.text) for __I$use$fp
    entry2.o(.ARM.Collect$$$$00000001) refers to entry2.o(.ARM.Collect$$$$00002712) for __lit__00000000
    entry2.o(.ARM.Collect$$$$00002712) refers to startup_stm32l151xba.o(STACK) for __initial_sp
    entry2.o(__vectab_stack_and_reset_area) refers to startup_stm32l151xba.o(STACK) for __initial_sp
    entry2.o(__vectab_stack_and_reset_area) refers to entry.o(.ARM.Collect$$$$00000000) for __main
    entry5.o(.ARM.Collect$$$$00000004) refers to init.o(.text) for __scatterload
    entry9a.o(.ARM.Collect$$$$0000000B) refers to main.o(i.main) for main
    entry9b.o(.ARM.Collect$$$$0000000C) refers to main.o(i.main) for main
    uldiv.o(.text) refers to llushr.o(.text) for __aeabi_llsr
    uldiv.o(.text) refers to llshl.o(.text) for __aeabi_llsl
    dadd.o(.text) refers to llshl.o(.text) for __aeabi_llsl
    dadd.o(.text) refers to llsshr.o(.text) for __aeabi_lasr
    dadd.o(.text) refers to depilogue.o(.text) for _double_epilogue
    dmul.o(.text) refers to depilogue.o(.text) for _double_epilogue
    ddiv.o(.text) refers to depilogue.o(.text) for _double_round
    dfixul.o(.text) refers to llushr.o(.text) for __aeabi_llsr
    dfixul.o(.text) refers to llshl.o(.text) for __aeabi_llsl
    init.o(.text) refers to entry5.o(.ARM.Collect$$$$00000004) for __main_after_scatterload
    depilogue.o(.text) refers to llshl.o(.text) for __aeabi_llsl
    depilogue.o(.text) refers to llushr.o(.text) for __aeabi_llsr


==============================================================================

Removing Unused input sections from the image.

    Removing startup_stm32l151xba.o(HEAP), (1024 bytes).
    Removing main.o(.rev16_text), (4 bytes).
    Removing main.o(.revsh_text), (4 bytes).
    Removing main.o(.rrx_text), (6 bytes).
    Removing main.o(.bss), (100 bytes).
    Removing main.o(.data), (4 bytes).
    Removing stm32l1xx_it.o(.rev16_text), (4 bytes).
    Removing stm32l1xx_it.o(.revsh_text), (4 bytes).
    Removing stm32l1xx_it.o(.rrx_text), (6 bytes).
    Removing stm32l1xx_hal_msp.o(.rev16_text), (4 bytes).
    Removing stm32l1xx_hal_msp.o(.revsh_text), (4 bytes).
    Removing stm32l1xx_hal_msp.o(.rrx_text), (6 bytes).
    Removing stm32l1xx_hal_msp.o(i.HAL_TIM_Base_MspDeInit), (44 bytes).
    Removing stm32l1xx_hal_msp.o(i.HAL_UART_MspDeInit), (88 bytes).
    Removing system_stm32l1xx.o(.rev16_text), (4 bytes).
    Removing system_stm32l1xx.o(.revsh_text), (4 bytes).
    Removing system_stm32l1xx.o(.rrx_text), (6 bytes).
    Removing system_stm32l1xx.o(i.SystemCoreClockUpdate), (144 bytes).
    Removing colorset.o(.rev16_text), (4 bytes).
    Removing colorset.o(.revsh_text), (4 bytes).
    Removing colorset.o(.rrx_text), (6 bytes).
    Removing colorset.o(i.Color), (10 bytes).
    Removing colorset.o(i.SetAllPixelColor), (48 bytes).
    Removing colorset.o(i.SetPixelColor), (36 bytes).
    Removing colorset.o(i.Wheel), (78 bytes).
    Removing colorset.o(i.colorWipe), (24 bytes).
    Removing colorset.o(i.rainbow), (84 bytes).
    Removing colorset.o(i.rainbowCycle), (80 bytes).
    Removing colorset.o(i.setPixelColor), (32 bytes).
    Removing colorset.o(i.theaterChase), (74 bytes).
    Removing colorset.o(i.theaterChaseRainbow), (90 bytes).
    Removing colorset.o(i.whiteOverRainbow), (160 bytes).
    Removing colorset.o(.data), (16 bytes).
    Removing ws2812b.o(.rev16_text), (4 bytes).
    Removing ws2812b.o(.revsh_text), (4 bytes).
    Removing ws2812b.o(.rrx_text), (6 bytes).
    Removing ws2812b.o(i.WS2812B_BLU_ALL), (24 bytes).
    Removing ws2812b.o(i.WS2812B_Close), (24 bytes).
    Removing ws2812b.o(i.WS2812B_GRN_ALL), (24 bytes).
    Removing ws2812b.o(i.WS2812B_RED_ALL), (24 bytes).
    Removing ws2812b.o(.data), (1 bytes).
    Removing ws2812b.o(.data), (1 bytes).
    Removing ws2812b.o(.data), (2 bytes).
    Removing ws2812b.o(.data), (2 bytes).
    Removing stm32l1xx_hal_tim.o(.rev16_text), (4 bytes).
    Removing stm32l1xx_hal_tim.o(.revsh_text), (4 bytes).
    Removing stm32l1xx_hal_tim.o(.rrx_text), (6 bytes).
    Removing stm32l1xx_hal_tim.o(i.HAL_TIM_Base_DeInit), (48 bytes).
    Removing stm32l1xx_hal_tim.o(i.HAL_TIM_Base_GetState), (6 bytes).
    Removing stm32l1xx_hal_tim.o(i.HAL_TIM_Base_MspDeInit), (2 bytes).
    Removing stm32l1xx_hal_tim.o(i.HAL_TIM_Base_MspInit), (2 bytes).
    Removing stm32l1xx_hal_tim.o(i.HAL_TIM_Base_Start), (36 bytes).
    Removing stm32l1xx_hal_tim.o(i.HAL_TIM_Base_Start_DMA), (116 bytes).
    Removing stm32l1xx_hal_tim.o(i.HAL_TIM_Base_Start_IT), (34 bytes).
    Removing stm32l1xx_hal_tim.o(i.HAL_TIM_Base_Stop), (36 bytes).
    Removing stm32l1xx_hal_tim.o(i.HAL_TIM_Base_Stop_DMA), (50 bytes).
    Removing stm32l1xx_hal_tim.o(i.HAL_TIM_Base_Stop_IT), (34 bytes).
    Removing stm32l1xx_hal_tim.o(i.HAL_TIM_ConfigOCrefClear), (234 bytes).
    Removing stm32l1xx_hal_tim.o(i.HAL_TIM_ConfigTI1Input), (16 bytes).
    Removing stm32l1xx_hal_tim.o(i.HAL_TIM_DMABurst_ReadStart), (296 bytes).
    Removing stm32l1xx_hal_tim.o(i.HAL_TIM_DMABurst_ReadStop), (90 bytes).
    Removing stm32l1xx_hal_tim.o(i.HAL_TIM_DMABurst_WriteStart), (296 bytes).
    Removing stm32l1xx_hal_tim.o(i.HAL_TIM_DMABurst_WriteStop), (90 bytes).
    Removing stm32l1xx_hal_tim.o(i.HAL_TIM_Encoder_DeInit), (48 bytes).
    Removing stm32l1xx_hal_tim.o(i.HAL_TIM_Encoder_GetState), (6 bytes).
    Removing stm32l1xx_hal_tim.o(i.HAL_TIM_Encoder_Init), (152 bytes).
    Removing stm32l1xx_hal_tim.o(i.HAL_TIM_Encoder_MspDeInit), (2 bytes).
    Removing stm32l1xx_hal_tim.o(i.HAL_TIM_Encoder_MspInit), (2 bytes).
    Removing stm32l1xx_hal_tim.o(i.HAL_TIM_Encoder_Start), (52 bytes).
    Removing stm32l1xx_hal_tim.o(i.HAL_TIM_Encoder_Start_DMA), (312 bytes).
    Removing stm32l1xx_hal_tim.o(i.HAL_TIM_Encoder_Start_IT), (92 bytes).
    Removing stm32l1xx_hal_tim.o(i.HAL_TIM_Encoder_Stop), (62 bytes).
    Removing stm32l1xx_hal_tim.o(i.HAL_TIM_Encoder_Stop_DMA), (134 bytes).
    Removing stm32l1xx_hal_tim.o(i.HAL_TIM_Encoder_Stop_IT), (108 bytes).
    Removing stm32l1xx_hal_tim.o(i.HAL_TIM_GenerateEvent), (38 bytes).
    Removing stm32l1xx_hal_tim.o(i.HAL_TIM_IC_CaptureHalfCpltCallback), (2 bytes).
    Removing stm32l1xx_hal_tim.o(i.HAL_TIM_IC_ConfigChannel), (286 bytes).
    Removing stm32l1xx_hal_tim.o(i.HAL_TIM_IC_DeInit), (48 bytes).
    Removing stm32l1xx_hal_tim.o(i.HAL_TIM_IC_GetState), (6 bytes).
    Removing stm32l1xx_hal_tim.o(i.HAL_TIM_IC_Init), (54 bytes).
    Removing stm32l1xx_hal_tim.o(i.HAL_TIM_IC_MspDeInit), (2 bytes).
    Removing stm32l1xx_hal_tim.o(i.HAL_TIM_IC_MspInit), (2 bytes).
    Removing stm32l1xx_hal_tim.o(i.HAL_TIM_IC_Start), (36 bytes).
    Removing stm32l1xx_hal_tim.o(i.HAL_TIM_IC_Start_DMA), (248 bytes).
    Removing stm32l1xx_hal_tim.o(i.HAL_TIM_IC_Start_IT), (86 bytes).
    Removing stm32l1xx_hal_tim.o(i.HAL_TIM_IC_Stop), (36 bytes).
    Removing stm32l1xx_hal_tim.o(i.HAL_TIM_IC_Stop_DMA), (114 bytes).
    Removing stm32l1xx_hal_tim.o(i.HAL_TIM_IC_Stop_IT), (86 bytes).
    Removing stm32l1xx_hal_tim.o(i.HAL_TIM_OC_ConfigChannel), (86 bytes).
    Removing stm32l1xx_hal_tim.o(i.HAL_TIM_OC_DeInit), (48 bytes).
    Removing stm32l1xx_hal_tim.o(i.HAL_TIM_OC_GetState), (6 bytes).
    Removing stm32l1xx_hal_tim.o(i.HAL_TIM_OC_Init), (54 bytes).
    Removing stm32l1xx_hal_tim.o(i.HAL_TIM_OC_MspDeInit), (2 bytes).
    Removing stm32l1xx_hal_tim.o(i.HAL_TIM_OC_MspInit), (2 bytes).
    Removing stm32l1xx_hal_tim.o(i.HAL_TIM_OC_Start), (36 bytes).
    Removing stm32l1xx_hal_tim.o(i.HAL_TIM_OC_Start_DMA), (260 bytes).
    Removing stm32l1xx_hal_tim.o(i.HAL_TIM_OC_Start_IT), (86 bytes).
    Removing stm32l1xx_hal_tim.o(i.HAL_TIM_OC_Stop), (36 bytes).
    Removing stm32l1xx_hal_tim.o(i.HAL_TIM_OC_Stop_DMA), (114 bytes).
    Removing stm32l1xx_hal_tim.o(i.HAL_TIM_OC_Stop_IT), (86 bytes).
    Removing stm32l1xx_hal_tim.o(i.HAL_TIM_OnePulse_ConfigChannel), (208 bytes).
    Removing stm32l1xx_hal_tim.o(i.HAL_TIM_OnePulse_DeInit), (48 bytes).
    Removing stm32l1xx_hal_tim.o(i.HAL_TIM_OnePulse_GetState), (6 bytes).
    Removing stm32l1xx_hal_tim.o(i.HAL_TIM_OnePulse_Init), (74 bytes).
    Removing stm32l1xx_hal_tim.o(i.HAL_TIM_OnePulse_MspDeInit), (2 bytes).
    Removing stm32l1xx_hal_tim.o(i.HAL_TIM_OnePulse_MspInit), (2 bytes).
    Removing stm32l1xx_hal_tim.o(i.HAL_TIM_OnePulse_Start), (28 bytes).
    Removing stm32l1xx_hal_tim.o(i.HAL_TIM_OnePulse_Start_IT), (48 bytes).
    Removing stm32l1xx_hal_tim.o(i.HAL_TIM_OnePulse_Stop), (48 bytes).
    Removing stm32l1xx_hal_tim.o(i.HAL_TIM_OnePulse_Stop_IT), (68 bytes).
    Removing stm32l1xx_hal_tim.o(i.HAL_TIM_PWM_DeInit), (48 bytes).
    Removing stm32l1xx_hal_tim.o(i.HAL_TIM_PWM_GetState), (6 bytes).
    Removing stm32l1xx_hal_tim.o(i.HAL_TIM_PWM_MspDeInit), (2 bytes).
    Removing stm32l1xx_hal_tim.o(i.HAL_TIM_PWM_Start_IT), (86 bytes).
    Removing stm32l1xx_hal_tim.o(i.HAL_TIM_PWM_Stop), (42 bytes).
    Removing stm32l1xx_hal_tim.o(i.HAL_TIM_PWM_Stop_DMA), (114 bytes).
    Removing stm32l1xx_hal_tim.o(i.HAL_TIM_PWM_Stop_IT), (86 bytes).
    Removing stm32l1xx_hal_tim.o(i.HAL_TIM_PeriodElapsedHalfCpltCallback), (2 bytes).
    Removing stm32l1xx_hal_tim.o(i.HAL_TIM_ReadCapturedValue), (42 bytes).
    Removing stm32l1xx_hal_tim.o(i.HAL_TIM_SlaveConfigSynchro), (86 bytes).
    Removing stm32l1xx_hal_tim.o(i.HAL_TIM_SlaveConfigSynchro_IT), (86 bytes).
    Removing stm32l1xx_hal_tim.o(i.HAL_TIM_TriggerHalfCpltCallback), (2 bytes).
    Removing stm32l1xx_hal_tim.o(i.TIM_DMACaptureCplt), (62 bytes).
    Removing stm32l1xx_hal_tim.o(i.TIM_DMACaptureHalfCplt), (62 bytes).
    Removing stm32l1xx_hal_tim.o(i.TIM_DMAPeriodElapsedCplt), (16 bytes).
    Removing stm32l1xx_hal_tim.o(i.TIM_DMAPeriodElapsedHalfCplt), (16 bytes).
    Removing stm32l1xx_hal_tim.o(i.TIM_DMATriggerCplt), (16 bytes).
    Removing stm32l1xx_hal_tim.o(i.TIM_DMATriggerHalfCplt), (16 bytes).
    Removing stm32l1xx_hal_tim.o(i.TIM_SlaveTimer_SetConfig), (134 bytes).
    Removing stm32l1xx_hal_tim.o(i.TIM_TI1_SetConfig), (88 bytes).
    Removing stm32l1xx_hal_tim.o(i.TIM_TI2_SetConfig), (54 bytes).
    Removing stm32l1xx_hal_tim_ex.o(.rev16_text), (4 bytes).
    Removing stm32l1xx_hal_tim_ex.o(.revsh_text), (4 bytes).
    Removing stm32l1xx_hal_tim_ex.o(.rrx_text), (6 bytes).
    Removing stm32l1xx_hal_tim_ex.o(i.HAL_TIMEx_RemapConfig), (28 bytes).
    Removing stm32l1xx_hal.o(.rev16_text), (4 bytes).
    Removing stm32l1xx_hal.o(.revsh_text), (4 bytes).
    Removing stm32l1xx_hal.o(.rrx_text), (6 bytes).
    Removing stm32l1xx_hal.o(i.HAL_DBGMCU_DisableDBGSleepMode), (16 bytes).
    Removing stm32l1xx_hal.o(i.HAL_DBGMCU_DisableDBGStandbyMode), (16 bytes).
    Removing stm32l1xx_hal.o(i.HAL_DBGMCU_DisableDBGStopMode), (16 bytes).
    Removing stm32l1xx_hal.o(i.HAL_DBGMCU_EnableDBGSleepMode), (16 bytes).
    Removing stm32l1xx_hal.o(i.HAL_DBGMCU_EnableDBGStandbyMode), (16 bytes).
    Removing stm32l1xx_hal.o(i.HAL_DBGMCU_EnableDBGStopMode), (16 bytes).
    Removing stm32l1xx_hal.o(i.HAL_DeInit), (40 bytes).
    Removing stm32l1xx_hal.o(i.HAL_GetDEVID), (16 bytes).
    Removing stm32l1xx_hal.o(i.HAL_GetHalVersion), (6 bytes).
    Removing stm32l1xx_hal.o(i.HAL_GetREVID), (12 bytes).
    Removing stm32l1xx_hal.o(i.HAL_GetTickFreq), (12 bytes).
    Removing stm32l1xx_hal.o(i.HAL_GetTickPrio), (12 bytes).
    Removing stm32l1xx_hal.o(i.HAL_GetUIDw0), (12 bytes).
    Removing stm32l1xx_hal.o(i.HAL_GetUIDw1), (12 bytes).
    Removing stm32l1xx_hal.o(i.HAL_GetUIDw2), (12 bytes).
    Removing stm32l1xx_hal.o(i.HAL_MspDeInit), (2 bytes).
    Removing stm32l1xx_hal.o(i.HAL_MspInit), (2 bytes).
    Removing stm32l1xx_hal.o(i.HAL_ResumeTick), (14 bytes).
    Removing stm32l1xx_hal.o(i.HAL_SetTickFreq), (32 bytes).
    Removing stm32l1xx_hal.o(i.HAL_SuspendTick), (14 bytes).
    Removing stm32l1xx_hal_rcc.o(.rev16_text), (4 bytes).
    Removing stm32l1xx_hal_rcc.o(.revsh_text), (4 bytes).
    Removing stm32l1xx_hal_rcc.o(.rrx_text), (6 bytes).
    Removing stm32l1xx_hal_rcc.o(i.HAL_RCC_CSSCallback), (2 bytes).
    Removing stm32l1xx_hal_rcc.o(i.HAL_RCC_DeInit), (208 bytes).
    Removing stm32l1xx_hal_rcc.o(i.HAL_RCC_DisableCSS), (12 bytes).
    Removing stm32l1xx_hal_rcc.o(i.HAL_RCC_EnableCSS), (12 bytes).
    Removing stm32l1xx_hal_rcc.o(i.HAL_RCC_GetClockConfig), (64 bytes).
    Removing stm32l1xx_hal_rcc.o(i.HAL_RCC_GetHCLKFreq), (12 bytes).
    Removing stm32l1xx_hal_rcc.o(i.HAL_RCC_GetOscConfig), (180 bytes).
    Removing stm32l1xx_hal_rcc.o(i.HAL_RCC_MCOConfig), (80 bytes).
    Removing stm32l1xx_hal_rcc.o(i.HAL_RCC_NMI_IRQHandler), (28 bytes).
    Removing stm32l1xx_hal_rcc_ex.o(.rev16_text), (4 bytes).
    Removing stm32l1xx_hal_rcc_ex.o(.revsh_text), (4 bytes).
    Removing stm32l1xx_hal_rcc_ex.o(.rrx_text), (6 bytes).
    Removing stm32l1xx_hal_rcc_ex.o(i.HAL_RCCEx_DisableLSECSS), (28 bytes).
    Removing stm32l1xx_hal_rcc_ex.o(i.HAL_RCCEx_EnableLSECSS), (12 bytes).
    Removing stm32l1xx_hal_rcc_ex.o(i.HAL_RCCEx_EnableLSECSS_IT), (52 bytes).
    Removing stm32l1xx_hal_rcc_ex.o(i.HAL_RCCEx_GetPeriphCLKConfig), (44 bytes).
    Removing stm32l1xx_hal_rcc_ex.o(i.HAL_RCCEx_GetPeriphCLKFreq), (128 bytes).
    Removing stm32l1xx_hal_rcc_ex.o(i.HAL_RCCEx_LSECSS_Callback), (2 bytes).
    Removing stm32l1xx_hal_rcc_ex.o(i.HAL_RCCEx_LSECSS_IRQHandler), (28 bytes).
    Removing stm32l1xx_hal_rcc_ex.o(i.HAL_RCCEx_PeriphCLKConfig), (288 bytes).
    Removing stm32l1xx_hal_flash.o(.rev16_text), (4 bytes).
    Removing stm32l1xx_hal_flash.o(.revsh_text), (4 bytes).
    Removing stm32l1xx_hal_flash.o(.rrx_text), (6 bytes).
    Removing stm32l1xx_hal_flash.o(i.FLASH_SetErrorCode), (88 bytes).
    Removing stm32l1xx_hal_flash.o(i.FLASH_WaitForLastOperation), (92 bytes).
    Removing stm32l1xx_hal_flash.o(i.HAL_FLASH_EndOfOperationCallback), (2 bytes).
    Removing stm32l1xx_hal_flash.o(i.HAL_FLASH_GetError), (12 bytes).
    Removing stm32l1xx_hal_flash.o(i.HAL_FLASH_IRQHandler), (212 bytes).
    Removing stm32l1xx_hal_flash.o(i.HAL_FLASH_Lock), (20 bytes).
    Removing stm32l1xx_hal_flash.o(i.HAL_FLASH_OB_Launch), (24 bytes).
    Removing stm32l1xx_hal_flash.o(i.HAL_FLASH_OB_Lock), (20 bytes).
    Removing stm32l1xx_hal_flash.o(i.HAL_FLASH_OB_Unlock), (80 bytes).
    Removing stm32l1xx_hal_flash.o(i.HAL_FLASH_OperationErrorCallback), (2 bytes).
    Removing stm32l1xx_hal_flash.o(i.HAL_FLASH_Program), (60 bytes).
    Removing stm32l1xx_hal_flash.o(i.HAL_FLASH_Program_IT), (60 bytes).
    Removing stm32l1xx_hal_flash.o(i.HAL_FLASH_Unlock), (80 bytes).
    Removing stm32l1xx_hal_flash.o(.bss), (24 bytes).
    Removing stm32l1xx_hal_flash_ex.o(.rev16_text), (4 bytes).
    Removing stm32l1xx_hal_flash_ex.o(.revsh_text), (4 bytes).
    Removing stm32l1xx_hal_flash_ex.o(.rrx_text), (6 bytes).
    Removing stm32l1xx_hal_flash_ex.o(i.FLASH_OB_PCROPConfig), (60 bytes).
    Removing stm32l1xx_hal_flash_ex.o(i.FLASH_OB_WRPConfig), (52 bytes).
    Removing stm32l1xx_hal_flash_ex.o(i.FLASH_OB_WRPConfigWRP1OrPCROP1), (56 bytes).
    Removing stm32l1xx_hal_flash_ex.o(i.FLASH_PageErase), (40 bytes).
    Removing stm32l1xx_hal_flash_ex.o(i.HAL_FLASHEx_AdvOBGetConfig), (44 bytes).
    Removing stm32l1xx_hal_flash_ex.o(i.HAL_FLASHEx_AdvOBProgram), (30 bytes).
    Removing stm32l1xx_hal_flash_ex.o(i.HAL_FLASHEx_DATAEEPROM_DisableFixedTimeProgram), (16 bytes).
    Removing stm32l1xx_hal_flash_ex.o(i.HAL_FLASHEx_DATAEEPROM_EnableFixedTimeProgram), (16 bytes).
    Removing stm32l1xx_hal_flash_ex.o(i.HAL_FLASHEx_DATAEEPROM_Erase), (64 bytes).
    Removing stm32l1xx_hal_flash_ex.o(i.HAL_FLASHEx_DATAEEPROM_Lock), (20 bytes).
    Removing stm32l1xx_hal_flash_ex.o(i.HAL_FLASHEx_DATAEEPROM_Program), (224 bytes).
    Removing stm32l1xx_hal_flash_ex.o(i.HAL_FLASHEx_DATAEEPROM_Unlock), (40 bytes).
    Removing stm32l1xx_hal_flash_ex.o(i.HAL_FLASHEx_Erase), (128 bytes).
    Removing stm32l1xx_hal_flash_ex.o(i.HAL_FLASHEx_Erase_IT), (88 bytes).
    Removing stm32l1xx_hal_flash_ex.o(i.HAL_FLASHEx_OBGetConfig), (56 bytes).
    Removing stm32l1xx_hal_flash_ex.o(i.HAL_FLASHEx_OBProgram), (248 bytes).
    Removing stm32l1xx_hal_flash_ex.o(i.HAL_FLASHEx_OB_DeSelectPCROP), (52 bytes).
    Removing stm32l1xx_hal_flash_ex.o(i.HAL_FLASHEx_OB_SelectPCROP), (56 bytes).
    Removing stm32l1xx_hal_flash_ramfunc.o(.rev16_text), (4 bytes).
    Removing stm32l1xx_hal_flash_ramfunc.o(.revsh_text), (4 bytes).
    Removing stm32l1xx_hal_flash_ramfunc.o(.rrx_text), (6 bytes).
    Removing stm32l1xx_hal_flash_ramfunc.o(i.FLASHRAM_SetErrorCode), (92 bytes).
    Removing stm32l1xx_hal_flash_ramfunc.o(i.FLASHRAM_WaitForLastOperation), (76 bytes).
    Removing stm32l1xx_hal_flash_ramfunc.o(i.HAL_FLASHEx_DATAEEPROM_EraseDoubleWord), (84 bytes).
    Removing stm32l1xx_hal_flash_ramfunc.o(i.HAL_FLASHEx_DATAEEPROM_ProgramDoubleWord), (88 bytes).
    Removing stm32l1xx_hal_flash_ramfunc.o(i.HAL_FLASHEx_DisableRunPowerDown), (40 bytes).
    Removing stm32l1xx_hal_flash_ramfunc.o(i.HAL_FLASHEx_EnableRunPowerDown), (40 bytes).
    Removing stm32l1xx_hal_flash_ramfunc.o(i.HAL_FLASHEx_GetError), (16 bytes).
    Removing stm32l1xx_hal_flash_ramfunc.o(i.HAL_FLASHEx_HalfPageProgram), (116 bytes).
    Removing stm32l1xx_hal_gpio.o(.rev16_text), (4 bytes).
    Removing stm32l1xx_hal_gpio.o(.revsh_text), (4 bytes).
    Removing stm32l1xx_hal_gpio.o(.rrx_text), (6 bytes).
    Removing stm32l1xx_hal_gpio.o(i.HAL_GPIO_DeInit), (320 bytes).
    Removing stm32l1xx_hal_gpio.o(i.HAL_GPIO_EXTI_Callback), (2 bytes).
    Removing stm32l1xx_hal_gpio.o(i.HAL_GPIO_EXTI_IRQHandler), (24 bytes).
    Removing stm32l1xx_hal_gpio.o(i.HAL_GPIO_LockPin), (34 bytes).
    Removing stm32l1xx_hal_gpio.o(i.HAL_GPIO_ReadPin), (10 bytes).
    Removing stm32l1xx_hal_gpio.o(i.HAL_GPIO_TogglePin), (12 bytes).
    Removing stm32l1xx_hal_gpio.o(i.HAL_GPIO_WritePin), (10 bytes).
    Removing stm32l1xx_hal_dma.o(.rev16_text), (4 bytes).
    Removing stm32l1xx_hal_dma.o(.revsh_text), (4 bytes).
    Removing stm32l1xx_hal_dma.o(.rrx_text), (6 bytes).
    Removing stm32l1xx_hal_dma.o(i.HAL_DMA_Abort), (74 bytes).
    Removing stm32l1xx_hal_dma.o(i.HAL_DMA_DeInit), (88 bytes).
    Removing stm32l1xx_hal_dma.o(i.HAL_DMA_GetError), (4 bytes).
    Removing stm32l1xx_hal_dma.o(i.HAL_DMA_GetState), (6 bytes).
    Removing stm32l1xx_hal_dma.o(i.HAL_DMA_PollForTransfer), (216 bytes).
    Removing stm32l1xx_hal_dma.o(i.HAL_DMA_RegisterCallback), (74 bytes).
    Removing stm32l1xx_hal_dma.o(i.HAL_DMA_Start), (80 bytes).
    Removing stm32l1xx_hal_dma.o(i.HAL_DMA_UnRegisterCallback), (82 bytes).
    Removing stm32l1xx_hal_pwr.o(.rev16_text), (4 bytes).
    Removing stm32l1xx_hal_pwr.o(.revsh_text), (4 bytes).
    Removing stm32l1xx_hal_pwr.o(.rrx_text), (6 bytes).
    Removing stm32l1xx_hal_pwr.o(i.HAL_PWR_ConfigPVD), (124 bytes).
    Removing stm32l1xx_hal_pwr.o(i.HAL_PWR_DeInit), (24 bytes).
    Removing stm32l1xx_hal_pwr.o(i.HAL_PWR_DisableBkUpAccess), (28 bytes).
    Removing stm32l1xx_hal_pwr.o(i.HAL_PWR_DisablePVD), (24 bytes).
    Removing stm32l1xx_hal_pwr.o(i.HAL_PWR_DisableSEVOnPend), (16 bytes).
    Removing stm32l1xx_hal_pwr.o(i.HAL_PWR_DisableSleepOnExit), (16 bytes).
    Removing stm32l1xx_hal_pwr.o(i.HAL_PWR_DisableWakeUpPin), (28 bytes).
    Removing stm32l1xx_hal_pwr.o(i.HAL_PWR_EnableBkUpAccess), (24 bytes).
    Removing stm32l1xx_hal_pwr.o(i.HAL_PWR_EnablePVD), (24 bytes).
    Removing stm32l1xx_hal_pwr.o(i.HAL_PWR_EnableSEVOnPend), (16 bytes).
    Removing stm32l1xx_hal_pwr.o(i.HAL_PWR_EnableSleepOnExit), (16 bytes).
    Removing stm32l1xx_hal_pwr.o(i.HAL_PWR_EnableWakeUpPin), (28 bytes).
    Removing stm32l1xx_hal_pwr.o(i.HAL_PWR_EnterSLEEPMode), (48 bytes).
    Removing stm32l1xx_hal_pwr.o(i.HAL_PWR_EnterSTANDBYMode), (32 bytes).
    Removing stm32l1xx_hal_pwr.o(i.HAL_PWR_EnterSTOPMode), (56 bytes).
    Removing stm32l1xx_hal_pwr.o(i.HAL_PWR_PVDCallback), (2 bytes).
    Removing stm32l1xx_hal_pwr.o(i.HAL_PWR_PVD_IRQHandler), (28 bytes).
    Removing stm32l1xx_hal_pwr_ex.o(.rev16_text), (4 bytes).
    Removing stm32l1xx_hal_pwr_ex.o(.revsh_text), (4 bytes).
    Removing stm32l1xx_hal_pwr_ex.o(.rrx_text), (6 bytes).
    Removing stm32l1xx_hal_pwr_ex.o(i.HAL_PWREx_DisableFastWakeUp), (28 bytes).
    Removing stm32l1xx_hal_pwr_ex.o(i.HAL_PWREx_DisableLowPowerRunMode), (44 bytes).
    Removing stm32l1xx_hal_pwr_ex.o(i.HAL_PWREx_DisableUltraLowPower), (28 bytes).
    Removing stm32l1xx_hal_pwr_ex.o(i.HAL_PWREx_EnableFastWakeUp), (24 bytes).
    Removing stm32l1xx_hal_pwr_ex.o(i.HAL_PWREx_EnableLowPowerRunMode), (36 bytes).
    Removing stm32l1xx_hal_pwr_ex.o(i.HAL_PWREx_EnableUltraLowPower), (24 bytes).
    Removing stm32l1xx_hal_pwr_ex.o(i.HAL_PWREx_GetVoltageRange), (16 bytes).
    Removing stm32l1xx_hal_cortex.o(.rev16_text), (4 bytes).
    Removing stm32l1xx_hal_cortex.o(.revsh_text), (4 bytes).
    Removing stm32l1xx_hal_cortex.o(.rrx_text), (6 bytes).
    Removing stm32l1xx_hal_cortex.o(i.HAL_MPU_ConfigRegion), (84 bytes).
    Removing stm32l1xx_hal_cortex.o(i.HAL_MPU_Disable), (16 bytes).
    Removing stm32l1xx_hal_cortex.o(i.HAL_MPU_Enable), (24 bytes).
    Removing stm32l1xx_hal_cortex.o(i.HAL_NVIC_ClearPendingIRQ), (26 bytes).
    Removing stm32l1xx_hal_cortex.o(i.HAL_NVIC_DisableIRQ), (34 bytes).
    Removing stm32l1xx_hal_cortex.o(i.HAL_NVIC_GetActive), (36 bytes).
    Removing stm32l1xx_hal_cortex.o(i.HAL_NVIC_GetPendingIRQ), (36 bytes).
    Removing stm32l1xx_hal_cortex.o(i.HAL_NVIC_GetPriority), (82 bytes).
    Removing stm32l1xx_hal_cortex.o(i.HAL_NVIC_GetPriorityGrouping), (16 bytes).
    Removing stm32l1xx_hal_cortex.o(i.HAL_NVIC_SetPendingIRQ), (26 bytes).
    Removing stm32l1xx_hal_cortex.o(i.HAL_NVIC_SystemReset), (36 bytes).
    Removing stm32l1xx_hal_cortex.o(i.HAL_SYSTICK_CLKSourceConfig), (24 bytes).
    Removing stm32l1xx_hal_cortex.o(i.HAL_SYSTICK_Callback), (2 bytes).
    Removing stm32l1xx_hal_cortex.o(i.HAL_SYSTICK_IRQHandler), (8 bytes).
    Removing stm32l1xx_hal_uart.o(.rev16_text), (4 bytes).
    Removing stm32l1xx_hal_uart.o(.revsh_text), (4 bytes).
    Removing stm32l1xx_hal_uart.o(.rrx_text), (6 bytes).
    Removing stm32l1xx_hal_uart.o(i.HAL_HalfDuplex_EnableReceiver), (50 bytes).
    Removing stm32l1xx_hal_uart.o(i.HAL_HalfDuplex_EnableTransmitter), (50 bytes).
    Removing stm32l1xx_hal_uart.o(i.HAL_HalfDuplex_Init), (108 bytes).
    Removing stm32l1xx_hal_uart.o(i.HAL_LIN_Init), (128 bytes).
    Removing stm32l1xx_hal_uart.o(i.HAL_LIN_SendBreak), (46 bytes).
    Removing stm32l1xx_hal_uart.o(i.HAL_MultiProcessor_EnterMuteMode), (46 bytes).
    Removing stm32l1xx_hal_uart.o(i.HAL_MultiProcessor_ExitMuteMode), (46 bytes).
    Removing stm32l1xx_hal_uart.o(i.HAL_MultiProcessor_Init), (142 bytes).
    Removing stm32l1xx_hal_uart.o(i.HAL_UART_Abort), (138 bytes).
    Removing stm32l1xx_hal_uart.o(i.HAL_UART_AbortCpltCallback), (2 bytes).
    Removing stm32l1xx_hal_uart.o(i.HAL_UART_AbortReceive), (88 bytes).
    Removing stm32l1xx_hal_uart.o(i.HAL_UART_AbortReceiveCpltCallback), (2 bytes).
    Removing stm32l1xx_hal_uart.o(i.HAL_UART_AbortReceive_IT), (92 bytes).
    Removing stm32l1xx_hal_uart.o(i.HAL_UART_AbortTransmit), (78 bytes).
    Removing stm32l1xx_hal_uart.o(i.HAL_UART_AbortTransmitCpltCallback), (2 bytes).
    Removing stm32l1xx_hal_uart.o(i.HAL_UART_AbortTransmit_IT), (84 bytes).
    Removing stm32l1xx_hal_uart.o(i.HAL_UART_Abort_IT), (172 bytes).
    Removing stm32l1xx_hal_uart.o(i.HAL_UART_DMAPause), (102 bytes).
    Removing stm32l1xx_hal_uart.o(i.HAL_UART_DMAResume), (94 bytes).
    Removing stm32l1xx_hal_uart.o(i.HAL_UART_DMAStop), (88 bytes).
    Removing stm32l1xx_hal_uart.o(i.HAL_UART_DeInit), (50 bytes).
    Removing stm32l1xx_hal_uart.o(i.HAL_UART_GetError), (4 bytes).
    Removing stm32l1xx_hal_uart.o(i.HAL_UART_GetState), (10 bytes).
    Removing stm32l1xx_hal_uart.o(i.HAL_UART_MspDeInit), (2 bytes).
    Removing stm32l1xx_hal_uart.o(i.HAL_UART_MspInit), (2 bytes).
    Removing stm32l1xx_hal_uart.o(i.HAL_UART_Receive), (184 bytes).
    Removing stm32l1xx_hal_uart.o(i.HAL_UART_Receive_DMA), (152 bytes).
    Removing stm32l1xx_hal_uart.o(i.HAL_UART_RxCpltCallback), (2 bytes).
    Removing stm32l1xx_hal_uart.o(i.HAL_UART_RxHalfCpltCallback), (2 bytes).
    Removing stm32l1xx_hal_uart.o(i.HAL_UART_Transmit_DMA), (128 bytes).
    Removing stm32l1xx_hal_uart.o(i.HAL_UART_Transmit_IT), (62 bytes).
    Removing stm32l1xx_hal_uart.o(i.HAL_UART_TxHalfCpltCallback), (2 bytes).
    Removing stm32l1xx_hal_uart.o(i.UART_DMAError), (74 bytes).
    Removing stm32l1xx_hal_uart.o(i.UART_DMAReceiveCplt), (60 bytes).
    Removing stm32l1xx_hal_uart.o(i.UART_DMARxAbortCallback), (42 bytes).
    Removing stm32l1xx_hal_uart.o(i.UART_DMARxHalfCplt), (10 bytes).
    Removing stm32l1xx_hal_uart.o(i.UART_DMARxOnlyAbortCallback), (20 bytes).
    Removing stm32l1xx_hal_uart.o(i.UART_DMATransmitCplt), (46 bytes).
    Removing stm32l1xx_hal_uart.o(i.UART_DMATxAbortCallback), (42 bytes).
    Removing stm32l1xx_hal_uart.o(i.UART_DMATxHalfCplt), (10 bytes).
    Removing stm32l1xx_hal_uart.o(i.UART_DMATxOnlyAbortCallback), (20 bytes).
    Removing stm32l1xx_hal_uart.o(i.UART_EndTxTransfer), (18 bytes).
    Removing dadd.o(.text), (334 bytes).
    Removing dmul.o(.text), (228 bytes).
    Removing ddiv.o(.text), (222 bytes).
    Removing dfixul.o(.text), (48 bytes).
    Removing cdrcmple.o(.text), (48 bytes).
    Removing depilogue.o(.text), (186 bytes).

349 unused section(s) (total 18238 bytes) removed from the image.

==============================================================================

Image Symbol Table

    Local Symbols

    Symbol Name                              Value     Ov Type        Size  Object(Section)

    ../Drivers/STM32L1xx_HAL_Driver/Src/stm32l1xx_hal.c 0x00000000   Number         0  stm32l1xx_hal.o ABSOLUTE
    ../Drivers/STM32L1xx_HAL_Driver/Src/stm32l1xx_hal_cortex.c 0x00000000   Number         0  stm32l1xx_hal_cortex.o ABSOLUTE
    ../Drivers/STM32L1xx_HAL_Driver/Src/stm32l1xx_hal_dma.c 0x00000000   Number         0  stm32l1xx_hal_dma.o ABSOLUTE
    ../Drivers/STM32L1xx_HAL_Driver/Src/stm32l1xx_hal_flash.c 0x00000000   Number         0  stm32l1xx_hal_flash.o ABSOLUTE
    ../Drivers/STM32L1xx_HAL_Driver/Src/stm32l1xx_hal_flash_ex.c 0x00000000   Number         0  stm32l1xx_hal_flash_ex.o ABSOLUTE
    ../Drivers/STM32L1xx_HAL_Driver/Src/stm32l1xx_hal_flash_ramfunc.c 0x00000000   Number         0  stm32l1xx_hal_flash_ramfunc.o ABSOLUTE
    ../Drivers/STM32L1xx_HAL_Driver/Src/stm32l1xx_hal_gpio.c 0x00000000   Number         0  stm32l1xx_hal_gpio.o ABSOLUTE
    ../Drivers/STM32L1xx_HAL_Driver/Src/stm32l1xx_hal_pwr.c 0x00000000   Number         0  stm32l1xx_hal_pwr.o ABSOLUTE
    ../Drivers/STM32L1xx_HAL_Driver/Src/stm32l1xx_hal_pwr_ex.c 0x00000000   Number         0  stm32l1xx_hal_pwr_ex.o ABSOLUTE
    ../Drivers/STM32L1xx_HAL_Driver/Src/stm32l1xx_hal_rcc.c 0x00000000   Number         0  stm32l1xx_hal_rcc.o ABSOLUTE
    ../Drivers/STM32L1xx_HAL_Driver/Src/stm32l1xx_hal_rcc_ex.c 0x00000000   Number         0  stm32l1xx_hal_rcc_ex.o ABSOLUTE
    ../Drivers/STM32L1xx_HAL_Driver/Src/stm32l1xx_hal_tim.c 0x00000000   Number         0  stm32l1xx_hal_tim.o ABSOLUTE
    ../Drivers/STM32L1xx_HAL_Driver/Src/stm32l1xx_hal_tim_ex.c 0x00000000   Number         0  stm32l1xx_hal_tim_ex.o ABSOLUTE
    ../Drivers/STM32L1xx_HAL_Driver/Src/stm32l1xx_hal_uart.c 0x00000000   Number         0  stm32l1xx_hal_uart.o ABSOLUTE
    ../Src/main.c                            0x00000000   Number         0  main.o ABSOLUTE
    ../Src/stm32l1xx_hal_msp.c               0x00000000   Number         0  stm32l1xx_hal_msp.o ABSOLUTE
    ../Src/stm32l1xx_it.c                    0x00000000   Number         0  stm32l1xx_it.o ABSOLUTE
    ../Src/system_stm32l1xx.c                0x00000000   Number         0  system_stm32l1xx.o ABSOLUTE
    ../clib/microlib/division.c              0x00000000   Number         0  uldiv.o ABSOLUTE
    ../clib/microlib/division.c              0x00000000   Number         0  uidiv.o ABSOLUTE
    ../clib/microlib/init/entry.s            0x00000000   Number         0  entry7b.o ABSOLUTE
    ../clib/microlib/init/entry.s            0x00000000   Number         0  entry10a.o ABSOLUTE
    ../clib/microlib/init/entry.s            0x00000000   Number         0  entry9b.o ABSOLUTE
    ../clib/microlib/init/entry.s            0x00000000   Number         0  entry7a.o ABSOLUTE
    ../clib/microlib/init/entry.s            0x00000000   Number         0  entry9a.o ABSOLUTE
    ../clib/microlib/init/entry.s            0x00000000   Number         0  entry11b.o ABSOLUTE
    ../clib/microlib/init/entry.s            0x00000000   Number         0  entry8b.o ABSOLUTE
    ../clib/microlib/init/entry.s            0x00000000   Number         0  entry8a.o ABSOLUTE
    ../clib/microlib/init/entry.s            0x00000000   Number         0  entry5.o ABSOLUTE
    ../clib/microlib/init/entry.s            0x00000000   Number         0  entry10b.o ABSOLUTE
    ../clib/microlib/init/entry.s            0x00000000   Number         0  entry2.o ABSOLUTE
    ../clib/microlib/init/entry.s            0x00000000   Number         0  entry.o ABSOLUTE
    ../clib/microlib/init/entry.s            0x00000000   Number         0  entry11a.o ABSOLUTE
    ../clib/microlib/longlong.c              0x00000000   Number         0  llushr.o ABSOLUTE
    ../clib/microlib/longlong.c              0x00000000   Number         0  llsshr.o ABSOLUTE
    ../clib/microlib/longlong.c              0x00000000   Number         0  llshl.o ABSOLUTE
    ../clib/microlib/printf/printf.c         0x00000000   Number         0  printf2.o ABSOLUTE
    ../clib/microlib/printf/printf.c         0x00000000   Number         0  printf3.o ABSOLUTE
    ../clib/microlib/printf/printf.c         0x00000000   Number         0  printf4.o ABSOLUTE
    ../clib/microlib/printf/printf.c         0x00000000   Number         0  printf5.o ABSOLUTE
    ../clib/microlib/printf/printf.c         0x00000000   Number         0  printf6.o ABSOLUTE
    ../clib/microlib/printf/printf.c         0x00000000   Number         0  printfb.o ABSOLUTE
    ../clib/microlib/printf/printf.c         0x00000000   Number         0  printfa.o ABSOLUTE
    ../clib/microlib/printf/printf.c         0x00000000   Number         0  printf8.o ABSOLUTE
    ../clib/microlib/printf/printf.c         0x00000000   Number         0  printf0.o ABSOLUTE
    ../clib/microlib/printf/printf.c         0x00000000   Number         0  printf1.o ABSOLUTE
    ../clib/microlib/printf/printf.c         0x00000000   Number         0  printf7.o ABSOLUTE
    ../clib/microlib/printf/stubs.s          0x00000000   Number         0  stubs.o ABSOLUTE
    ../clib/microlib/stdio/streams.c         0x00000000   Number         0  stdout.o ABSOLUTE
    ../clib/microlib/string/memset.c         0x00000000   Number         0  memseta.o ABSOLUTE
    ../clib/microlib/string/strcmp.c         0x00000000   Number         0  strcmp.o ABSOLUTE
    ../clib/microlib/stubs.s                 0x00000000   Number         0  iusefp.o ABSOLUTE
    ../fplib/microlib/fpadd.c                0x00000000   Number         0  dadd.o ABSOLUTE
    ../fplib/microlib/fpdiv.c                0x00000000   Number         0  ddiv.o ABSOLUTE
    ../fplib/microlib/fpepilogue.c           0x00000000   Number         0  depilogue.o ABSOLUTE
    ../fplib/microlib/fpfix.c                0x00000000   Number         0  dfixul.o ABSOLUTE
    ../fplib/microlib/fpmul.c                0x00000000   Number         0  dmul.o ABSOLUTE
    ..\Drivers\STM32L1xx_HAL_Driver\Src\stm32l1xx_hal.c 0x00000000   Number         0  stm32l1xx_hal.o ABSOLUTE
    ..\Drivers\STM32L1xx_HAL_Driver\Src\stm32l1xx_hal_cortex.c 0x00000000   Number         0  stm32l1xx_hal_cortex.o ABSOLUTE
    ..\Drivers\STM32L1xx_HAL_Driver\Src\stm32l1xx_hal_dma.c 0x00000000   Number         0  stm32l1xx_hal_dma.o ABSOLUTE
    ..\Drivers\STM32L1xx_HAL_Driver\Src\stm32l1xx_hal_flash.c 0x00000000   Number         0  stm32l1xx_hal_flash.o ABSOLUTE
    ..\Drivers\STM32L1xx_HAL_Driver\Src\stm32l1xx_hal_flash_ex.c 0x00000000   Number         0  stm32l1xx_hal_flash_ex.o ABSOLUTE
    ..\Drivers\STM32L1xx_HAL_Driver\Src\stm32l1xx_hal_flash_ramfunc.c 0x00000000   Number         0  stm32l1xx_hal_flash_ramfunc.o ABSOLUTE
    ..\Drivers\STM32L1xx_HAL_Driver\Src\stm32l1xx_hal_gpio.c 0x00000000   Number         0  stm32l1xx_hal_gpio.o ABSOLUTE
    ..\Drivers\STM32L1xx_HAL_Driver\Src\stm32l1xx_hal_pwr.c 0x00000000   Number         0  stm32l1xx_hal_pwr.o ABSOLUTE
    ..\Drivers\STM32L1xx_HAL_Driver\Src\stm32l1xx_hal_pwr_ex.c 0x00000000   Number         0  stm32l1xx_hal_pwr_ex.o ABSOLUTE
    ..\Drivers\STM32L1xx_HAL_Driver\Src\stm32l1xx_hal_rcc.c 0x00000000   Number         0  stm32l1xx_hal_rcc.o ABSOLUTE
    ..\Drivers\STM32L1xx_HAL_Driver\Src\stm32l1xx_hal_rcc_ex.c 0x00000000   Number         0  stm32l1xx_hal_rcc_ex.o ABSOLUTE
    ..\Drivers\STM32L1xx_HAL_Driver\Src\stm32l1xx_hal_tim.c 0x00000000   Number         0  stm32l1xx_hal_tim.o ABSOLUTE
    ..\Drivers\STM32L1xx_HAL_Driver\Src\stm32l1xx_hal_tim_ex.c 0x00000000   Number         0  stm32l1xx_hal_tim_ex.o ABSOLUTE
    ..\Drivers\STM32L1xx_HAL_Driver\Src\stm32l1xx_hal_uart.c 0x00000000   Number         0  stm32l1xx_hal_uart.o ABSOLUTE
    ..\Drivers\WS2812B\colorset.c            0x00000000   Number         0  colorset.o ABSOLUTE
    ..\Drivers\WS2812B\ws2812b.c             0x00000000   Number         0  ws2812b.o ABSOLUTE
    ..\Src\main.c                            0x00000000   Number         0  main.o ABSOLUTE
    ..\Src\stm32l1xx_hal_msp.c               0x00000000   Number         0  stm32l1xx_hal_msp.o ABSOLUTE
    ..\Src\stm32l1xx_it.c                    0x00000000   Number         0  stm32l1xx_it.o ABSOLUTE
    ..\Src\system_stm32l1xx.c                0x00000000   Number         0  system_stm32l1xx.o ABSOLUTE
    ..\\Drivers\\WS2812B\\colorset.c         0x00000000   Number         0  colorset.o ABSOLUTE
    ..\\Drivers\\WS2812B\\ws2812b.c          0x00000000   Number         0  ws2812b.o ABSOLUTE
    cdrcmple.s                               0x00000000   Number         0  cdrcmple.o ABSOLUTE
    dc.s                                     0x00000000   Number         0  dc.o ABSOLUTE
    handlers.s                               0x00000000   Number         0  handlers.o ABSOLUTE
    init.s                                   0x00000000   Number         0  init.o ABSOLUTE
    startup_stm32l151xba.s                   0x00000000   Number         0  startup_stm32l151xba.o ABSOLUTE
    RESET                                    0x08000000   Section      244  startup_stm32l151xba.o(RESET)
    .ARM.Collect$$$$00000000                 0x080000f4   Section        0  entry.o(.ARM.Collect$$$$00000000)
    .ARM.Collect$$$$00000001                 0x080000f4   Section        4  entry2.o(.ARM.Collect$$$$00000001)
    .ARM.Collect$$$$00000004                 0x080000f8   Section        4  entry5.o(.ARM.Collect$$$$00000004)
    .ARM.Collect$$$$00000008                 0x080000fc   Section        0  entry7b.o(.ARM.Collect$$$$00000008)
    .ARM.Collect$$$$0000000A                 0x080000fc   Section        0  entry8b.o(.ARM.Collect$$$$0000000A)
    .ARM.Collect$$$$0000000B                 0x080000fc   Section        8  entry9a.o(.ARM.Collect$$$$0000000B)
    .ARM.Collect$$$$0000000D                 0x08000104   Section        0  entry10a.o(.ARM.Collect$$$$0000000D)
    .ARM.Collect$$$$0000000F                 0x08000104   Section        0  entry11a.o(.ARM.Collect$$$$0000000F)
    .ARM.Collect$$$$00002712                 0x08000104   Section        4  entry2.o(.ARM.Collect$$$$00002712)
    __lit__00000000                          0x08000104   Data           4  entry2.o(.ARM.Collect$$$$00002712)
    .text                                    0x08000108   Section       36  startup_stm32l151xba.o(.text)
    .text                                    0x0800012c   Section        0  memseta.o(.text)
    .text                                    0x08000150   Section        0  strcmp.o(.text)
    .text                                    0x0800016c   Section       36  init.o(.text)
    i.BusFault_Handler                       0x08000190   Section        0  stm32l1xx_it.o(i.BusFault_Handler)
    i.DMA1_Channel5_IRQHandler               0x08000194   Section        0  stm32l1xx_it.o(i.DMA1_Channel5_IRQHandler)
    i.DMA_SetConfig                          0x080001a0   Section        0  stm32l1xx_hal_dma.o(i.DMA_SetConfig)
    DMA_SetConfig                            0x080001a1   Thumb Code    46  stm32l1xx_hal_dma.o(i.DMA_SetConfig)
    i.DebugMon_Handler                       0x080001ce   Section        0  stm32l1xx_it.o(i.DebugMon_Handler)
    i.Error_Handler                          0x080001d0   Section        0  main.o(i.Error_Handler)
    i.HAL_DMA_Abort_IT                       0x080001d2   Section        0  stm32l1xx_hal_dma.o(i.HAL_DMA_Abort_IT)
    i.HAL_DMA_IRQHandler                     0x08000220   Section        0  stm32l1xx_hal_dma.o(i.HAL_DMA_IRQHandler)
    i.HAL_DMA_Init                           0x080002dc   Section        0  stm32l1xx_hal_dma.o(i.HAL_DMA_Init)
    i.HAL_DMA_Start_IT                       0x08000338   Section        0  stm32l1xx_hal_dma.o(i.HAL_DMA_Start_IT)
    i.HAL_Delay                              0x080003a8   Section        0  stm32l1xx_hal.o(i.HAL_Delay)
    i.HAL_GPIO_Init                          0x080003cc   Section        0  stm32l1xx_hal_gpio.o(i.HAL_GPIO_Init)
    i.HAL_GetTick                            0x08000558   Section        0  stm32l1xx_hal.o(i.HAL_GetTick)
    i.HAL_IncTick                            0x08000564   Section        0  stm32l1xx_hal.o(i.HAL_IncTick)
    i.HAL_Init                               0x08000574   Section        0  stm32l1xx_hal.o(i.HAL_Init)
    i.HAL_InitTick                           0x08000594   Section        0  stm32l1xx_hal.o(i.HAL_InitTick)
    i.HAL_MspInit                            0x080005d8   Section        0  stm32l1xx_hal_msp.o(i.HAL_MspInit)
    i.HAL_NVIC_EnableIRQ                     0x08000614   Section        0  stm32l1xx_hal_cortex.o(i.HAL_NVIC_EnableIRQ)
    i.HAL_NVIC_SetPriority                   0x08000630   Section        0  stm32l1xx_hal_cortex.o(i.HAL_NVIC_SetPriority)
    i.HAL_NVIC_SetPriorityGrouping           0x08000670   Section        0  stm32l1xx_hal_cortex.o(i.HAL_NVIC_SetPriorityGrouping)
    i.HAL_RCC_ClockConfig                    0x08000694   Section        0  stm32l1xx_hal_rcc.o(i.HAL_RCC_ClockConfig)
    i.HAL_RCC_GetPCLK1Freq                   0x08000838   Section        0  stm32l1xx_hal_rcc.o(i.HAL_RCC_GetPCLK1Freq)
    i.HAL_RCC_GetPCLK2Freq                   0x08000858   Section        0  stm32l1xx_hal_rcc.o(i.HAL_RCC_GetPCLK2Freq)
    i.HAL_RCC_GetSysClockFreq                0x08000878   Section        0  stm32l1xx_hal_rcc.o(i.HAL_RCC_GetSysClockFreq)
    i.HAL_RCC_OscConfig                      0x080008d8   Section        0  stm32l1xx_hal_rcc.o(i.HAL_RCC_OscConfig)
    i.HAL_SYSTICK_Config                     0x08000d00   Section        0  stm32l1xx_hal_cortex.o(i.HAL_SYSTICK_Config)
    i.HAL_TIMEx_MasterConfigSynchronization  0x08000d28   Section        0  stm32l1xx_hal_tim_ex.o(i.HAL_TIMEx_MasterConfigSynchronization)
    i.HAL_TIM_Base_Init                      0x08000d6a   Section        0  stm32l1xx_hal_tim.o(i.HAL_TIM_Base_Init)
    i.HAL_TIM_Base_MspInit                   0x08000da0   Section        0  stm32l1xx_hal_msp.o(i.HAL_TIM_Base_MspInit)
    i.HAL_TIM_ConfigClockSource              0x08000e10   Section        0  stm32l1xx_hal_tim.o(i.HAL_TIM_ConfigClockSource)
    i.HAL_TIM_ErrorCallback                  0x08000ee6   Section        0  stm32l1xx_hal_tim.o(i.HAL_TIM_ErrorCallback)
    i.HAL_TIM_IC_CaptureCallback             0x08000ee8   Section        0  stm32l1xx_hal_tim.o(i.HAL_TIM_IC_CaptureCallback)
    i.HAL_TIM_IRQHandler                     0x08000eea   Section        0  stm32l1xx_hal_tim.o(i.HAL_TIM_IRQHandler)
    i.HAL_TIM_MspPostInit                    0x08001010   Section        0  stm32l1xx_hal_msp.o(i.HAL_TIM_MspPostInit)
    i.HAL_TIM_OC_DelayElapsedCallback        0x0800105c   Section        0  stm32l1xx_hal_tim.o(i.HAL_TIM_OC_DelayElapsedCallback)
    i.HAL_TIM_PWM_ConfigChannel              0x0800105e   Section        0  stm32l1xx_hal_tim.o(i.HAL_TIM_PWM_ConfigChannel)
    i.HAL_TIM_PWM_Init                       0x0800112e   Section        0  stm32l1xx_hal_tim.o(i.HAL_TIM_PWM_Init)
    i.HAL_TIM_PWM_MspInit                    0x08001164   Section        0  stm32l1xx_hal_tim.o(i.HAL_TIM_PWM_MspInit)
    i.HAL_TIM_PWM_PulseFinishedCallback      0x08001166   Section        0  stm32l1xx_hal_tim.o(i.HAL_TIM_PWM_PulseFinishedCallback)
    i.HAL_TIM_PWM_PulseFinishedHalfCpltCallback 0x08001168   Section        0  stm32l1xx_hal_tim.o(i.HAL_TIM_PWM_PulseFinishedHalfCpltCallback)
    i.HAL_TIM_PWM_Start                      0x0800116a   Section        0  stm32l1xx_hal_tim.o(i.HAL_TIM_PWM_Start)
    i.HAL_TIM_PWM_Start_DMA                  0x08001190   Section        0  stm32l1xx_hal_tim.o(i.HAL_TIM_PWM_Start_DMA)
    i.HAL_TIM_PeriodElapsedCallback          0x08001294   Section        0  stm32l1xx_hal_tim.o(i.HAL_TIM_PeriodElapsedCallback)
    i.HAL_TIM_TriggerCallback                0x08001296   Section        0  stm32l1xx_hal_tim.o(i.HAL_TIM_TriggerCallback)
    i.HAL_UART_ErrorCallback                 0x08001298   Section        0  stm32l1xx_hal_uart.o(i.HAL_UART_ErrorCallback)
    i.HAL_UART_IRQHandler                    0x0800129c   Section        0  stm32l1xx_hal_uart.o(i.HAL_UART_IRQHandler)
    i.HAL_UART_Init                          0x080013ac   Section        0  stm32l1xx_hal_uart.o(i.HAL_UART_Init)
    i.HAL_UART_MspInit                       0x08001410   Section        0  stm32l1xx_hal_msp.o(i.HAL_UART_MspInit)
    i.HAL_UART_Receive_IT                    0x080014d4   Section        0  stm32l1xx_hal_uart.o(i.HAL_UART_Receive_IT)
    i.HAL_UART_RxCpltCallback                0x08001528   Section        0  main.o(i.HAL_UART_RxCpltCallback)
    i.HAL_UART_Transmit                      0x080015c8   Section        0  stm32l1xx_hal_uart.o(i.HAL_UART_Transmit)
    i.HAL_UART_TxCpltCallback                0x08001682   Section        0  stm32l1xx_hal_uart.o(i.HAL_UART_TxCpltCallback)
    i.HardFault_Handler                      0x08001684   Section        0  stm32l1xx_it.o(i.HardFault_Handler)
    i.MX_TIM2_Init                           0x08001688   Section        0  main.o(i.MX_TIM2_Init)
    MX_TIM2_Init                             0x08001689   Thumb Code   112  main.o(i.MX_TIM2_Init)
    i.MemManage_Handler                      0x080016fc   Section        0  stm32l1xx_it.o(i.MemManage_Handler)
    i.NMI_Handler                            0x080016fe   Section        0  stm32l1xx_it.o(i.NMI_Handler)
    i.PendSV_Handler                         0x08001700   Section        0  stm32l1xx_it.o(i.PendSV_Handler)
    i.RCC_SetFlashLatencyFromMSIRange        0x08001704   Section        0  stm32l1xx_hal_rcc.o(i.RCC_SetFlashLatencyFromMSIRange)
    RCC_SetFlashLatencyFromMSIRange          0x08001705   Thumb Code   116  stm32l1xx_hal_rcc.o(i.RCC_SetFlashLatencyFromMSIRange)
    i.SVC_Handler                            0x08001784   Section        0  stm32l1xx_it.o(i.SVC_Handler)
    i.SysTick_Handler                        0x08001786   Section        0  stm32l1xx_it.o(i.SysTick_Handler)
    i.SystemClock_Config                     0x0800178c   Section        0  main.o(i.SystemClock_Config)
    i.SystemInit                             0x080017ec   Section        0  system_stm32l1xx.o(i.SystemInit)
    i.TIM2_IRQHandler                        0x0800183c   Section        0  stm32l1xx_it.o(i.TIM2_IRQHandler)
    i.TIM_Base_SetConfig                     0x08001848   Section        0  stm32l1xx_hal_tim.o(i.TIM_Base_SetConfig)
    TIM_Base_SetConfig                       0x08001849   Thumb Code    94  stm32l1xx_hal_tim.o(i.TIM_Base_SetConfig)
    i.TIM_CCxChannelCmd                      0x080018bc   Section        0  stm32l1xx_hal_tim.o(i.TIM_CCxChannelCmd)
    TIM_CCxChannelCmd                        0x080018bd   Thumb Code    26  stm32l1xx_hal_tim.o(i.TIM_CCxChannelCmd)
    i.TIM_DMADelayPulseCplt                  0x080018d6   Section        0  stm32l1xx_hal_tim.o(i.TIM_DMADelayPulseCplt)
    i.TIM_DMADelayPulseHalfCplt              0x08001914   Section        0  stm32l1xx_hal_tim.o(i.TIM_DMADelayPulseHalfCplt)
    i.TIM_DMAError                           0x08001952   Section        0  stm32l1xx_hal_tim.o(i.TIM_DMAError)
    i.TIM_ETR_SetConfig                      0x08001962   Section        0  stm32l1xx_hal_tim.o(i.TIM_ETR_SetConfig)
    TIM_ETR_SetConfig                        0x08001963   Thumb Code    20  stm32l1xx_hal_tim.o(i.TIM_ETR_SetConfig)
    i.TIM_ITRx_SetConfig                     0x08001976   Section        0  stm32l1xx_hal_tim.o(i.TIM_ITRx_SetConfig)
    TIM_ITRx_SetConfig                       0x08001977   Thumb Code    16  stm32l1xx_hal_tim.o(i.TIM_ITRx_SetConfig)
    i.TIM_OC1_SetConfig                      0x08001986   Section        0  stm32l1xx_hal_tim.o(i.TIM_OC1_SetConfig)
    TIM_OC1_SetConfig                        0x08001987   Thumb Code    44  stm32l1xx_hal_tim.o(i.TIM_OC1_SetConfig)
    i.TIM_OC2_SetConfig                      0x080019b2   Section        0  stm32l1xx_hal_tim.o(i.TIM_OC2_SetConfig)
    TIM_OC2_SetConfig                        0x080019b3   Thumb Code    48  stm32l1xx_hal_tim.o(i.TIM_OC2_SetConfig)
    i.TIM_OC3_SetConfig                      0x080019e2   Section        0  stm32l1xx_hal_tim.o(i.TIM_OC3_SetConfig)
    TIM_OC3_SetConfig                        0x080019e3   Thumb Code    46  stm32l1xx_hal_tim.o(i.TIM_OC3_SetConfig)
    i.TIM_OC4_SetConfig                      0x08001a10   Section        0  stm32l1xx_hal_tim.o(i.TIM_OC4_SetConfig)
    TIM_OC4_SetConfig                        0x08001a11   Thumb Code    48  stm32l1xx_hal_tim.o(i.TIM_OC4_SetConfig)
    i.TIM_TI1_ConfigInputStage               0x08001a40   Section        0  stm32l1xx_hal_tim.o(i.TIM_TI1_ConfigInputStage)
    TIM_TI1_ConfigInputStage                 0x08001a41   Thumb Code    34  stm32l1xx_hal_tim.o(i.TIM_TI1_ConfigInputStage)
    i.TIM_TI2_ConfigInputStage               0x08001a62   Section        0  stm32l1xx_hal_tim.o(i.TIM_TI2_ConfigInputStage)
    TIM_TI2_ConfigInputStage                 0x08001a63   Thumb Code    36  stm32l1xx_hal_tim.o(i.TIM_TI2_ConfigInputStage)
    i.UART_DMAAbortOnError                   0x08001a86   Section        0  stm32l1xx_hal_uart.o(i.UART_DMAAbortOnError)
    UART_DMAAbortOnError                     0x08001a87   Thumb Code    16  stm32l1xx_hal_uart.o(i.UART_DMAAbortOnError)
    i.UART_EndRxTransfer                     0x08001a96   Section        0  stm32l1xx_hal_uart.o(i.UART_EndRxTransfer)
    UART_EndRxTransfer                       0x08001a97   Thumb Code    28  stm32l1xx_hal_uart.o(i.UART_EndRxTransfer)
    i.UART_Receive_IT                        0x08001ab2   Section        0  stm32l1xx_hal_uart.o(i.UART_Receive_IT)
    UART_Receive_IT                          0x08001ab3   Thumb Code   150  stm32l1xx_hal_uart.o(i.UART_Receive_IT)
    i.UART_SetConfig                         0x08001b48   Section        0  stm32l1xx_hal_uart.o(i.UART_SetConfig)
    UART_SetConfig                           0x08001b49   Thumb Code   300  stm32l1xx_hal_uart.o(i.UART_SetConfig)
    i.UART_Transmit_IT                       0x08001c78   Section        0  stm32l1xx_hal_uart.o(i.UART_Transmit_IT)
    UART_Transmit_IT                         0x08001c79   Thumb Code    98  stm32l1xx_hal_uart.o(i.UART_Transmit_IT)
    i.UART_WaitOnFlagUntilTimeout            0x08001cda   Section        0  stm32l1xx_hal_uart.o(i.UART_WaitOnFlagUntilTimeout)
    UART_WaitOnFlagUntilTimeout              0x08001cdb   Thumb Code   100  stm32l1xx_hal_uart.o(i.UART_WaitOnFlagUntilTimeout)
    i.USART1_IRQHandler                      0x08001d40   Section        0  stm32l1xx_it.o(i.USART1_IRQHandler)
    i.USART2_IRQHandler                      0x08001d4c   Section        0  stm32l1xx_it.o(i.USART2_IRQHandler)
    i.UsageFault_Handler                     0x08001d58   Section        0  stm32l1xx_it.o(i.UsageFault_Handler)
    i.WS2812B_Init                           0x08001d5a   Section        0  ws2812b.o(i.WS2812B_Init)
    i.WS2812B_Show                           0x08001d74   Section        0  ws2812b.o(i.WS2812B_Show)
    i.__0printf$2                            0x08001e08   Section        0  printf2.o(i.__0printf$2)
    i.__NVIC_SetPriority                     0x08001e28   Section        0  stm32l1xx_hal_cortex.o(i.__NVIC_SetPriority)
    __NVIC_SetPriority                       0x08001e29   Thumb Code    32  stm32l1xx_hal_cortex.o(i.__NVIC_SetPriority)
    i.__scatterload_copy                     0x08001e48   Section       14  handlers.o(i.__scatterload_copy)
    i.__scatterload_null                     0x08001e56   Section        2  handlers.o(i.__scatterload_null)
    i.__scatterload_zeroinit                 0x08001e58   Section       14  handlers.o(i.__scatterload_zeroinit)
    i._printf_core                           0x08001e66   Section        0  printf2.o(i._printf_core)
    _printf_core                             0x08001e67   Thumb Code   214  printf2.o(i._printf_core)
    i.fputc                                  0x08001f3c   Section        0  main.o(i.fputc)
    i.ifRecData                              0x08001f64   Section        0  main.o(i.ifRecData)
    i.main                                   0x08001ff4   Section        0  main.o(i.main)
    i.processData                            0x080020f8   Section        0  main.o(i.processData)
    i.setAllPixelColor                       0x08002154   Section        0  colorset.o(i.setAllPixelColor)
    i.setLights                              0x0800219c   Section        0  main.o(i.setLights)
    .constdata                               0x080021d0   Section       25  system_stm32l1xx.o(.constdata)
    .constdata                               0x080021e9   Section        8  system_stm32l1xx.o(.constdata)
    .data                                    0x20000000   Section       20  main.o(.data)
    .data                                    0x20000014   Section        4  system_stm32l1xx.o(.data)
    .data                                    0x20000018   Section       12  stm32l1xx_hal.o(.data)
    .data                                    0x20000024   Section        4  stdout.o(.data)
    .bss                                     0x20000028   Section      444  main.o(.bss)
    .bss                                     0x200001e4   Section       68  main.o(.bss)
    .bss                                     0x20000228   Section     1794  ws2812b.o(.bss)
    STACK                                    0x20000930   Section     1024  startup_stm32l151xba.o(STACK)

    Global Symbols

    Symbol Name                              Value     Ov Type        Size  Object(Section)

    BuildAttributes$$THM_ISAv4$P$D$K$B$S$PE$A:L22UL41UL21$X:L11$S22US41US21$IEEE1$IW$USESV6$~STKCKD$USESV7$~SHL$OSPACE$ROPI$EBA8$MICROLIB$REQ8$PRES8$EABIv2 0x00000000   Number         0  anon$$obj.o ABSOLUTE
    __ARM_use_no_argv                        0x00000000   Number         0  main.o ABSOLUTE
    _printf_a                                0x00000000   Number         0  stubs.o ABSOLUTE
    _printf_c                                0x00000000   Number         0  stubs.o ABSOLUTE
    _printf_charcount                        0x00000000   Number         0  stubs.o ABSOLUTE
    _printf_d                                0x00000000   Number         0  stubs.o ABSOLUTE
    _printf_e                                0x00000000   Number         0  stubs.o ABSOLUTE
    _printf_f                                0x00000000   Number         0  stubs.o ABSOLUTE
    _printf_flags                            0x00000000   Number         0  stubs.o ABSOLUTE
    _printf_fp_dec                           0x00000000   Number         0  stubs.o ABSOLUTE
    _printf_fp_hex                           0x00000000   Number         0  stubs.o ABSOLUTE
    _printf_g                                0x00000000   Number         0  stubs.o ABSOLUTE
    _printf_i                                0x00000000   Number         0  stubs.o ABSOLUTE
    _printf_int_dec                          0x00000000   Number         0  stubs.o ABSOLUTE
    _printf_l                                0x00000000   Number         0  stubs.o ABSOLUTE
    _printf_lc                               0x00000000   Number         0  stubs.o ABSOLUTE
    _printf_ll                               0x00000000   Number         0  stubs.o ABSOLUTE
    _printf_lld                              0x00000000   Number         0  stubs.o ABSOLUTE
    _printf_lli                              0x00000000   Number         0  stubs.o ABSOLUTE
    _printf_llo                              0x00000000   Number         0  stubs.o ABSOLUTE
    _printf_llu                              0x00000000   Number         0  stubs.o ABSOLUTE
    _printf_llx                              0x00000000   Number         0  stubs.o ABSOLUTE
    _printf_longlong_dec                     0x00000000   Number         0  stubs.o ABSOLUTE
    _printf_longlong_hex                     0x00000000   Number         0  stubs.o ABSOLUTE
    _printf_longlong_oct                     0x00000000   Number         0  stubs.o ABSOLUTE
    _printf_ls                               0x00000000   Number         0  stubs.o ABSOLUTE
    _printf_mbtowc                           0x00000000   Number         0  stubs.o ABSOLUTE
    _printf_n                                0x00000000   Number         0  stubs.o ABSOLUTE
    _printf_o                                0x00000000   Number         0  stubs.o ABSOLUTE
    _printf_p                                0x00000000   Number         0  stubs.o ABSOLUTE
    _printf_percent                          0x00000000   Number         0  stubs.o ABSOLUTE
    _printf_pre_padding                      0x00000000   Number         0  stubs.o ABSOLUTE
    _printf_return_value                     0x00000000   Number         0  stubs.o ABSOLUTE
    _printf_s                                0x00000000   Number         0  stubs.o ABSOLUTE
    _printf_sizespec                         0x00000000   Number         0  stubs.o ABSOLUTE
    _printf_str                              0x00000000   Number         0  stubs.o ABSOLUTE
    _printf_truncate_signed                  0x00000000   Number         0  stubs.o ABSOLUTE
    _printf_truncate_unsigned                0x00000000   Number         0  stubs.o ABSOLUTE
    _printf_u                                0x00000000   Number         0  stubs.o ABSOLUTE
    _printf_wc                               0x00000000   Number         0  stubs.o ABSOLUTE
    _printf_wctomb                           0x00000000   Number         0  stubs.o ABSOLUTE
    _printf_widthprec                        0x00000000   Number         0  stubs.o ABSOLUTE
    _printf_x                                0x00000000   Number         0  stubs.o ABSOLUTE
    __cpp_initialize__aeabi_                  - Undefined Weak Reference
    __cxa_finalize                            - Undefined Weak Reference
    __decompress                              - Undefined Weak Reference
    _clock_init                               - Undefined Weak Reference
    _microlib_exit                            - Undefined Weak Reference
    __Vectors_Size                           0x000000f4   Number         0  startup_stm32l151xba.o ABSOLUTE
    __Vectors                                0x08000000   Data           4  startup_stm32l151xba.o(RESET)
    __Vectors_End                            0x080000f4   Data           0  startup_stm32l151xba.o(RESET)
    __main                                   0x080000f5   Thumb Code     0  entry.o(.ARM.Collect$$$$00000000)
    _main_stk                                0x080000f5   Thumb Code     0  entry2.o(.ARM.Collect$$$$00000001)
    _main_scatterload                        0x080000f9   Thumb Code     0  entry5.o(.ARM.Collect$$$$00000004)
    __main_after_scatterload                 0x080000fd   Thumb Code     0  entry5.o(.ARM.Collect$$$$00000004)
    _main_clock                              0x080000fd   Thumb Code     0  entry7b.o(.ARM.Collect$$$$00000008)
    _main_cpp_init                           0x080000fd   Thumb Code     0  entry8b.o(.ARM.Collect$$$$0000000A)
    _main_init                               0x080000fd   Thumb Code     0  entry9a.o(.ARM.Collect$$$$0000000B)
    __rt_final_cpp                           0x08000105   Thumb Code     0  entry10a.o(.ARM.Collect$$$$0000000D)
    __rt_final_exit                          0x08000105   Thumb Code     0  entry11a.o(.ARM.Collect$$$$0000000F)
    Reset_Handler                            0x08000109   Thumb Code     8  startup_stm32l151xba.o(.text)
    ADC1_IRQHandler                          0x08000123   Thumb Code     0  startup_stm32l151xba.o(.text)
    COMP_IRQHandler                          0x08000123   Thumb Code     0  startup_stm32l151xba.o(.text)
    DAC_IRQHandler                           0x08000123   Thumb Code     0  startup_stm32l151xba.o(.text)
    DMA1_Channel1_IRQHandler                 0x08000123   Thumb Code     0  startup_stm32l151xba.o(.text)
    DMA1_Channel2_IRQHandler                 0x08000123   Thumb Code     0  startup_stm32l151xba.o(.text)
    DMA1_Channel3_IRQHandler                 0x08000123   Thumb Code     0  startup_stm32l151xba.o(.text)
    DMA1_Channel4_IRQHandler                 0x08000123   Thumb Code     0  startup_stm32l151xba.o(.text)
    DMA1_Channel6_IRQHandler                 0x08000123   Thumb Code     0  startup_stm32l151xba.o(.text)
    DMA1_Channel7_IRQHandler                 0x08000123   Thumb Code     0  startup_stm32l151xba.o(.text)
    EXTI0_IRQHandler                         0x08000123   Thumb Code     0  startup_stm32l151xba.o(.text)
    EXTI15_10_IRQHandler                     0x08000123   Thumb Code     0  startup_stm32l151xba.o(.text)
    EXTI1_IRQHandler                         0x08000123   Thumb Code     0  startup_stm32l151xba.o(.text)
    EXTI2_IRQHandler                         0x08000123   Thumb Code     0  startup_stm32l151xba.o(.text)
    EXTI3_IRQHandler                         0x08000123   Thumb Code     0  startup_stm32l151xba.o(.text)
    EXTI4_IRQHandler                         0x08000123   Thumb Code     0  startup_stm32l151xba.o(.text)
    EXTI9_5_IRQHandler                       0x08000123   Thumb Code     0  startup_stm32l151xba.o(.text)
    FLASH_IRQHandler                         0x08000123   Thumb Code     0  startup_stm32l151xba.o(.text)
    I2C1_ER_IRQHandler                       0x08000123   Thumb Code     0  startup_stm32l151xba.o(.text)
    I2C1_EV_IRQHandler                       0x08000123   Thumb Code     0  startup_stm32l151xba.o(.text)
    I2C2_ER_IRQHandler                       0x08000123   Thumb Code     0  startup_stm32l151xba.o(.text)
    I2C2_EV_IRQHandler                       0x08000123   Thumb Code     0  startup_stm32l151xba.o(.text)
    PVD_IRQHandler                           0x08000123   Thumb Code     0  startup_stm32l151xba.o(.text)
    RCC_IRQHandler                           0x08000123   Thumb Code     0  startup_stm32l151xba.o(.text)
    RTC_Alarm_IRQHandler                     0x08000123   Thumb Code     0  startup_stm32l151xba.o(.text)
    RTC_WKUP_IRQHandler                      0x08000123   Thumb Code     0  startup_stm32l151xba.o(.text)
    SPI1_IRQHandler                          0x08000123   Thumb Code     0  startup_stm32l151xba.o(.text)
    SPI2_IRQHandler                          0x08000123   Thumb Code     0  startup_stm32l151xba.o(.text)
    TAMPER_STAMP_IRQHandler                  0x08000123   Thumb Code     0  startup_stm32l151xba.o(.text)
    TIM10_IRQHandler                         0x08000123   Thumb Code     0  startup_stm32l151xba.o(.text)
    TIM11_IRQHandler                         0x08000123   Thumb Code     0  startup_stm32l151xba.o(.text)
    TIM3_IRQHandler                          0x08000123   Thumb Code     0  startup_stm32l151xba.o(.text)
    TIM4_IRQHandler                          0x08000123   Thumb Code     0  startup_stm32l151xba.o(.text)
    TIM6_IRQHandler                          0x08000123   Thumb Code     0  startup_stm32l151xba.o(.text)
    TIM7_IRQHandler                          0x08000123   Thumb Code     0  startup_stm32l151xba.o(.text)
    TIM9_IRQHandler                          0x08000123   Thumb Code     0  startup_stm32l151xba.o(.text)
    USART3_IRQHandler                        0x08000123   Thumb Code     0  startup_stm32l151xba.o(.text)
    USB_FS_WKUP_IRQHandler                   0x08000123   Thumb Code     0  startup_stm32l151xba.o(.text)
    USB_HP_IRQHandler                        0x08000123   Thumb Code     0  startup_stm32l151xba.o(.text)
    USB_LP_IRQHandler                        0x08000123   Thumb Code     0  startup_stm32l151xba.o(.text)
    WWDG_IRQHandler                          0x08000123   Thumb Code     0  startup_stm32l151xba.o(.text)
    __aeabi_memset                           0x0800012d   Thumb Code    14  memseta.o(.text)
    __aeabi_memset4                          0x0800012d   Thumb Code     0  memseta.o(.text)
    __aeabi_memset8                          0x0800012d   Thumb Code     0  memseta.o(.text)
    __aeabi_memclr                           0x0800013b   Thumb Code     4  memseta.o(.text)
    __aeabi_memclr4                          0x0800013b   Thumb Code     0  memseta.o(.text)
    __aeabi_memclr8                          0x0800013b   Thumb Code     0  memseta.o(.text)
    _memset$wrapper                          0x0800013f   Thumb Code    18  memseta.o(.text)
    strcmp                                   0x08000151   Thumb Code    28  strcmp.o(.text)
    __scatterload                            0x0800016d   Thumb Code    28  init.o(.text)
    __scatterload_rt2                        0x0800016d   Thumb Code     0  init.o(.text)
    BusFault_Handler                         0x08000191   Thumb Code     2  stm32l1xx_it.o(i.BusFault_Handler)
    DMA1_Channel5_IRQHandler                 0x08000195   Thumb Code     6  stm32l1xx_it.o(i.DMA1_Channel5_IRQHandler)
    DebugMon_Handler                         0x080001cf   Thumb Code     2  stm32l1xx_it.o(i.DebugMon_Handler)
    Error_Handler                            0x080001d1   Thumb Code     2  main.o(i.Error_Handler)
    HAL_DMA_Abort_IT                         0x080001d3   Thumb Code    78  stm32l1xx_hal_dma.o(i.HAL_DMA_Abort_IT)
    HAL_DMA_IRQHandler                       0x08000221   Thumb Code   186  stm32l1xx_hal_dma.o(i.HAL_DMA_IRQHandler)
    HAL_DMA_Init                             0x080002dd   Thumb Code    84  stm32l1xx_hal_dma.o(i.HAL_DMA_Init)
    HAL_DMA_Start_IT                         0x08000339   Thumb Code   112  stm32l1xx_hal_dma.o(i.HAL_DMA_Start_IT)
    HAL_Delay                                0x080003a9   Thumb Code    32  stm32l1xx_hal.o(i.HAL_Delay)
    HAL_GPIO_Init                            0x080003cd   Thumb Code   364  stm32l1xx_hal_gpio.o(i.HAL_GPIO_Init)
    HAL_GetTick                              0x08000559   Thumb Code     6  stm32l1xx_hal.o(i.HAL_GetTick)
    HAL_IncTick                              0x08000565   Thumb Code    12  stm32l1xx_hal.o(i.HAL_IncTick)
    HAL_Init                                 0x08000575   Thumb Code    30  stm32l1xx_hal.o(i.HAL_Init)
    HAL_InitTick                             0x08000595   Thumb Code    58  stm32l1xx_hal.o(i.HAL_InitTick)
    HAL_MspInit                              0x080005d9   Thumb Code    56  stm32l1xx_hal_msp.o(i.HAL_MspInit)
    HAL_NVIC_EnableIRQ                       0x08000615   Thumb Code    26  stm32l1xx_hal_cortex.o(i.HAL_NVIC_EnableIRQ)
    HAL_NVIC_SetPriority                     0x08000631   Thumb Code    60  stm32l1xx_hal_cortex.o(i.HAL_NVIC_SetPriority)
    HAL_NVIC_SetPriorityGrouping             0x08000671   Thumb Code    26  stm32l1xx_hal_cortex.o(i.HAL_NVIC_SetPriorityGrouping)
    HAL_RCC_ClockConfig                      0x08000695   Thumb Code   400  stm32l1xx_hal_rcc.o(i.HAL_RCC_ClockConfig)
    HAL_RCC_GetPCLK1Freq                     0x08000839   Thumb Code    20  stm32l1xx_hal_rcc.o(i.HAL_RCC_GetPCLK1Freq)
    HAL_RCC_GetPCLK2Freq                     0x08000859   Thumb Code    20  stm32l1xx_hal_rcc.o(i.HAL_RCC_GetPCLK2Freq)
    HAL_RCC_GetSysClockFreq                  0x08000879   Thumb Code    80  stm32l1xx_hal_rcc.o(i.HAL_RCC_GetSysClockFreq)
    HAL_RCC_OscConfig                        0x080008d9   Thumb Code  1064  stm32l1xx_hal_rcc.o(i.HAL_RCC_OscConfig)
    HAL_SYSTICK_Config                       0x08000d01   Thumb Code    40  stm32l1xx_hal_cortex.o(i.HAL_SYSTICK_Config)
    HAL_TIMEx_MasterConfigSynchronization    0x08000d29   Thumb Code    66  stm32l1xx_hal_tim_ex.o(i.HAL_TIMEx_MasterConfigSynchronization)
    HAL_TIM_Base_Init                        0x08000d6b   Thumb Code    54  stm32l1xx_hal_tim.o(i.HAL_TIM_Base_Init)
    HAL_TIM_Base_MspInit                     0x08000da1   Thumb Code   100  stm32l1xx_hal_msp.o(i.HAL_TIM_Base_MspInit)
    HAL_TIM_ConfigClockSource                0x08000e11   Thumb Code   214  stm32l1xx_hal_tim.o(i.HAL_TIM_ConfigClockSource)
    HAL_TIM_ErrorCallback                    0x08000ee7   Thumb Code     2  stm32l1xx_hal_tim.o(i.HAL_TIM_ErrorCallback)
    HAL_TIM_IC_CaptureCallback               0x08000ee9   Thumb Code     2  stm32l1xx_hal_tim.o(i.HAL_TIM_IC_CaptureCallback)
    HAL_TIM_IRQHandler                       0x08000eeb   Thumb Code   294  stm32l1xx_hal_tim.o(i.HAL_TIM_IRQHandler)
    HAL_TIM_MspPostInit                      0x08001011   Thumb Code    68  stm32l1xx_hal_msp.o(i.HAL_TIM_MspPostInit)
    HAL_TIM_OC_DelayElapsedCallback          0x0800105d   Thumb Code     2  stm32l1xx_hal_tim.o(i.HAL_TIM_OC_DelayElapsedCallback)
    HAL_TIM_PWM_ConfigChannel                0x0800105f   Thumb Code   208  stm32l1xx_hal_tim.o(i.HAL_TIM_PWM_ConfigChannel)
    HAL_TIM_PWM_Init                         0x0800112f   Thumb Code    54  stm32l1xx_hal_tim.o(i.HAL_TIM_PWM_Init)
    HAL_TIM_PWM_MspInit                      0x08001165   Thumb Code     2  stm32l1xx_hal_tim.o(i.HAL_TIM_PWM_MspInit)
    HAL_TIM_PWM_PulseFinishedCallback        0x08001167   Thumb Code     2  stm32l1xx_hal_tim.o(i.HAL_TIM_PWM_PulseFinishedCallback)
    HAL_TIM_PWM_PulseFinishedHalfCpltCallback 0x08001169   Thumb Code     2  stm32l1xx_hal_tim.o(i.HAL_TIM_PWM_PulseFinishedHalfCpltCallback)
    HAL_TIM_PWM_Start                        0x0800116b   Thumb Code    36  stm32l1xx_hal_tim.o(i.HAL_TIM_PWM_Start)
    HAL_TIM_PWM_Start_DMA                    0x08001191   Thumb Code   246  stm32l1xx_hal_tim.o(i.HAL_TIM_PWM_Start_DMA)
    HAL_TIM_PeriodElapsedCallback            0x08001295   Thumb Code     2  stm32l1xx_hal_tim.o(i.HAL_TIM_PeriodElapsedCallback)
    HAL_TIM_TriggerCallback                  0x08001297   Thumb Code     2  stm32l1xx_hal_tim.o(i.HAL_TIM_TriggerCallback)
    HAL_UART_ErrorCallback                   0x08001299   Thumb Code     2  stm32l1xx_hal_uart.o(i.HAL_UART_ErrorCallback)
    HAL_UART_IRQHandler                      0x0800129d   Thumb Code   266  stm32l1xx_hal_uart.o(i.HAL_UART_IRQHandler)
    HAL_UART_Init                            0x080013ad   Thumb Code    98  stm32l1xx_hal_uart.o(i.HAL_UART_Init)
    HAL_UART_MspInit                         0x08001411   Thumb Code   180  stm32l1xx_hal_msp.o(i.HAL_UART_MspInit)
    HAL_UART_Receive_IT                      0x080014d5   Thumb Code    82  stm32l1xx_hal_uart.o(i.HAL_UART_Receive_IT)
    HAL_UART_RxCpltCallback                  0x08001529   Thumb Code   142  main.o(i.HAL_UART_RxCpltCallback)
    HAL_UART_Transmit                        0x080015c9   Thumb Code   186  stm32l1xx_hal_uart.o(i.HAL_UART_Transmit)
    HAL_UART_TxCpltCallback                  0x08001683   Thumb Code     2  stm32l1xx_hal_uart.o(i.HAL_UART_TxCpltCallback)
    HardFault_Handler                        0x08001685   Thumb Code     2  stm32l1xx_it.o(i.HardFault_Handler)
    MemManage_Handler                        0x080016fd   Thumb Code     2  stm32l1xx_it.o(i.MemManage_Handler)
    NMI_Handler                              0x080016ff   Thumb Code     2  stm32l1xx_it.o(i.NMI_Handler)
    PendSV_Handler                           0x08001701   Thumb Code     2  stm32l1xx_it.o(i.PendSV_Handler)
    SVC_Handler                              0x08001785   Thumb Code     2  stm32l1xx_it.o(i.SVC_Handler)
    SysTick_Handler                          0x08001787   Thumb Code     4  stm32l1xx_it.o(i.SysTick_Handler)
    SystemClock_Config                       0x0800178d   Thumb Code    90  main.o(i.SystemClock_Config)
    SystemInit                               0x080017ed   Thumb Code    62  system_stm32l1xx.o(i.SystemInit)
    TIM2_IRQHandler                          0x0800183d   Thumb Code     6  stm32l1xx_it.o(i.TIM2_IRQHandler)
    TIM_DMADelayPulseCplt                    0x080018d7   Thumb Code    62  stm32l1xx_hal_tim.o(i.TIM_DMADelayPulseCplt)
    TIM_DMADelayPulseHalfCplt                0x08001915   Thumb Code    62  stm32l1xx_hal_tim.o(i.TIM_DMADelayPulseHalfCplt)
    TIM_DMAError                             0x08001953   Thumb Code    16  stm32l1xx_hal_tim.o(i.TIM_DMAError)
    USART1_IRQHandler                        0x08001d41   Thumb Code     6  stm32l1xx_it.o(i.USART1_IRQHandler)
    USART2_IRQHandler                        0x08001d4d   Thumb Code     6  stm32l1xx_it.o(i.USART2_IRQHandler)
    UsageFault_Handler                       0x08001d59   Thumb Code     2  stm32l1xx_it.o(i.UsageFault_Handler)
    WS2812B_Init                             0x08001d5b   Thumb Code    26  ws2812b.o(i.WS2812B_Init)
    WS2812B_Show                             0x08001d75   Thumb Code   140  ws2812b.o(i.WS2812B_Show)
    __0printf$2                              0x08001e09   Thumb Code    22  printf2.o(i.__0printf$2)
    __1printf$2                              0x08001e09   Thumb Code     0  printf2.o(i.__0printf$2)
    __2printf                                0x08001e09   Thumb Code     0  printf2.o(i.__0printf$2)
    __scatterload_copy                       0x08001e49   Thumb Code    14  handlers.o(i.__scatterload_copy)
    __scatterload_null                       0x08001e57   Thumb Code     2  handlers.o(i.__scatterload_null)
    __scatterload_zeroinit                   0x08001e59   Thumb Code    14  handlers.o(i.__scatterload_zeroinit)
    fputc                                    0x08001f3d   Thumb Code    36  main.o(i.fputc)
    ifRecData                                0x08001f65   Thumb Code   112  main.o(i.ifRecData)
    main                                     0x08001ff5   Thumb Code   204  main.o(i.main)
    processData                              0x080020f9   Thumb Code    52  main.o(i.processData)
    setAllPixelColor                         0x08002155   Thumb Code    60  colorset.o(i.setAllPixelColor)
    setLights                                0x0800219d   Thumb Code    48  main.o(i.setLights)
    PLLMulTable                              0x080021d0   Data           9  system_stm32l1xx.o(.constdata)
    AHBPrescTable                            0x080021d9   Data          16  system_stm32l1xx.o(.constdata)
    APBPrescTable                            0x080021e9   Data           8  system_stm32l1xx.o(.constdata)
    Region$$Table$$Base                      0x080021f4   Number         0  anon$$obj.o(Region$$Table)
    Region$$Table$$Limit                     0x08002214   Number         0  anon$$obj.o(Region$$Table)
    g                                        0x20000000   Data           1  main.o(.data)
    r                                        0x20000001   Data           1  main.o(.data)
    b                                        0x20000002   Data           1  main.o(.data)
    line_flag                                0x20000003   Data           1  main.o(.data)
    line_flag2                               0x20000004   Data           1  main.o(.data)
    rxit_ok                                  0x20000005   Data           1  main.o(.data)
    rxit_ok2                                 0x20000006   Data           1  main.o(.data)
    ONOFF_FLG                                0x20000008   Data           4  main.o(.data)
    pBuf                                     0x2000000c   Data           4  main.o(.data)
    pBuf2                                    0x20000010   Data           4  main.o(.data)
    SystemCoreClock                          0x20000014   Data           4  system_stm32l1xx.o(.data)
    uwTickPrio                               0x20000018   Data           4  stm32l1xx_hal.o(.data)
    uwTickFreq                               0x2000001c   Data           4  stm32l1xx_hal.o(.data)
    uwTick                                   0x20000020   Data           4  stm32l1xx_hal.o(.data)
    __stdout                                 0x20000024   Data           4  stdout.o(.data)
    rx1_buff                                 0x20000028   Data         128  main.o(.bss)
    rx2_buff                                 0x200000a8   Data         128  main.o(.bss)
    htim2                                    0x20000128   Data          60  main.o(.bss)
    huart1                                   0x20000164   Data          64  main.o(.bss)
    huart2                                   0x200001a4   Data          64  main.o(.bss)
    hdma_tim2_ch1                            0x200001e4   Data          68  main.o(.bss)
    rBuffer                                  0x20000228   Data          35  ws2812b.o(.bss)
    gBuffer                                  0x2000024b   Data          35  ws2812b.o(.bss)
    bBuffer                                  0x2000026e   Data          35  ws2812b.o(.bss)
    frame                                    0x20000292   Data        1688  ws2812b.o(.bss)
    __initial_sp                             0x20000d30   Data           0  startup_stm32l151xba.o(STACK)



==============================================================================

Memory Map of the image

  Image Entry point : 0x080000f5

  Load Region LR_IROM1 (Base: 0x08000000, Size: 0x0000223c, Max: 0x00010000, ABSOLUTE)

    Execution Region ER_IROM1 (Exec base: 0x08000000, Load base: 0x08000000, Size: 0x00002214, Max: 0x00010000, ABSOLUTE)

    Exec Addr    Load Addr    Size         Type   Attr      Idx    E Section Name        Object

    0x08000000   0x08000000   0x000000f4   Data   RO            3    RESET               startup_stm32l151xba.o
    0x080000f4   0x080000f4   0x00000000   Code   RO         2690  * .ARM.Collect$$$$00000000  mc_w.l(entry.o)
    0x080000f4   0x080000f4   0x00000004   Code   RO         2958    .ARM.Collect$$$$00000001  mc_w.l(entry2.o)
    0x080000f8   0x080000f8   0x00000004   Code   RO         2961    .ARM.Collect$$$$00000004  mc_w.l(entry5.o)
    0x080000fc   0x080000fc   0x00000000   Code   RO         2963    .ARM.Collect$$$$00000008  mc_w.l(entry7b.o)
    0x080000fc   0x080000fc   0x00000000   Code   RO         2965    .ARM.Collect$$$$0000000A  mc_w.l(entry8b.o)
    0x080000fc   0x080000fc   0x00000008   Code   RO         2966    .ARM.Collect$$$$0000000B  mc_w.l(entry9a.o)
    0x08000104   0x08000104   0x00000000   Code   RO         2968    .ARM.Collect$$$$0000000D  mc_w.l(entry10a.o)
    0x08000104   0x08000104   0x00000000   Code   RO         2970    .ARM.Collect$$$$0000000F  mc_w.l(entry11a.o)
    0x08000104   0x08000104   0x00000004   Code   RO         2959    .ARM.Collect$$$$00002712  mc_w.l(entry2.o)
    0x08000108   0x08000108   0x00000024   Code   RO            4    .text               startup_stm32l151xba.o
    0x0800012c   0x0800012c   0x00000024   Code   RO         2693    .text               mc_w.l(memseta.o)
    0x08000150   0x08000150   0x0000001c   Code   RO         2695    .text               mc_w.l(strcmp.o)
    0x0800016c   0x0800016c   0x00000024   Code   RO         2988    .text               mc_w.l(init.o)
    0x08000190   0x08000190   0x00000002   Code   RO          196    i.BusFault_Handler  stm32l1xx_it.o
    0x08000192   0x08000192   0x00000002   PAD
    0x08000194   0x08000194   0x0000000c   Code   RO          197    i.DMA1_Channel5_IRQHandler  stm32l1xx_it.o
    0x080001a0   0x080001a0   0x0000002e   Code   RO         1957    i.DMA_SetConfig     stm32l1xx_hal_dma.o
    0x080001ce   0x080001ce   0x00000002   Code   RO          198    i.DebugMon_Handler  stm32l1xx_it.o
    0x080001d0   0x080001d0   0x00000002   Code   RO           13    i.Error_Handler     main.o
    0x080001d2   0x080001d2   0x0000004e   Code   RO         1959    i.HAL_DMA_Abort_IT  stm32l1xx_hal_dma.o
    0x08000220   0x08000220   0x000000ba   Code   RO         1963    i.HAL_DMA_IRQHandler  stm32l1xx_hal_dma.o
    0x080002da   0x080002da   0x00000002   PAD
    0x080002dc   0x080002dc   0x0000005c   Code   RO         1964    i.HAL_DMA_Init      stm32l1xx_hal_dma.o
    0x08000338   0x08000338   0x00000070   Code   RO         1968    i.HAL_DMA_Start_IT  stm32l1xx_hal_dma.o
    0x080003a8   0x080003a8   0x00000024   Code   RO         1262    i.HAL_Delay         stm32l1xx_hal.o
    0x080003cc   0x080003cc   0x0000018c   Code   RO         1894    i.HAL_GPIO_Init     stm32l1xx_hal_gpio.o
    0x08000558   0x08000558   0x0000000c   Code   RO         1266    i.HAL_GetTick       stm32l1xx_hal.o
    0x08000564   0x08000564   0x00000010   Code   RO         1272    i.HAL_IncTick       stm32l1xx_hal.o
    0x08000574   0x08000574   0x0000001e   Code   RO         1273    i.HAL_Init          stm32l1xx_hal.o
    0x08000592   0x08000592   0x00000002   PAD
    0x08000594   0x08000594   0x00000044   Code   RO         1274    i.HAL_InitTick      stm32l1xx_hal.o
    0x080005d8   0x080005d8   0x0000003c   Code   RO          296    i.HAL_MspInit       stm32l1xx_hal_msp.o
    0x08000614   0x08000614   0x0000001a   Code   RO         2237    i.HAL_NVIC_EnableIRQ  stm32l1xx_hal_cortex.o
    0x0800062e   0x0800062e   0x00000002   PAD
    0x08000630   0x08000630   0x00000040   Code   RO         2243    i.HAL_NVIC_SetPriority  stm32l1xx_hal_cortex.o
    0x08000670   0x08000670   0x00000024   Code   RO         2244    i.HAL_NVIC_SetPriorityGrouping  stm32l1xx_hal_cortex.o
    0x08000694   0x08000694   0x000001a4   Code   RO         1430    i.HAL_RCC_ClockConfig  stm32l1xx_hal_rcc.o
    0x08000838   0x08000838   0x00000020   Code   RO         1437    i.HAL_RCC_GetPCLK1Freq  stm32l1xx_hal_rcc.o
    0x08000858   0x08000858   0x00000020   Code   RO         1438    i.HAL_RCC_GetPCLK2Freq  stm32l1xx_hal_rcc.o
    0x08000878   0x08000878   0x00000060   Code   RO         1439    i.HAL_RCC_GetSysClockFreq  stm32l1xx_hal_rcc.o
    0x080008d8   0x080008d8   0x00000428   Code   RO         1442    i.HAL_RCC_OscConfig  stm32l1xx_hal_rcc.o
    0x08000d00   0x08000d00   0x00000028   Code   RO         2248    i.HAL_SYSTICK_Config  stm32l1xx_hal_cortex.o
    0x08000d28   0x08000d28   0x00000042   Code   RO         1225    i.HAL_TIMEx_MasterConfigSynchronization  stm32l1xx_hal_tim_ex.o
    0x08000d6a   0x08000d6a   0x00000036   Code   RO          554    i.HAL_TIM_Base_Init  stm32l1xx_hal_tim.o
    0x08000da0   0x08000da0   0x00000070   Code   RO          298    i.HAL_TIM_Base_MspInit  stm32l1xx_hal_msp.o
    0x08000e10   0x08000e10   0x000000d6   Code   RO          563    i.HAL_TIM_ConfigClockSource  stm32l1xx_hal_tim.o
    0x08000ee6   0x08000ee6   0x00000002   Code   RO          581    i.HAL_TIM_ErrorCallback  stm32l1xx_hal_tim.o
    0x08000ee8   0x08000ee8   0x00000002   Code   RO          583    i.HAL_TIM_IC_CaptureCallback  stm32l1xx_hal_tim.o
    0x08000eea   0x08000eea   0x00000126   Code   RO          597    i.HAL_TIM_IRQHandler  stm32l1xx_hal_tim.o
    0x08001010   0x08001010   0x0000004c   Code   RO          299    i.HAL_TIM_MspPostInit  stm32l1xx_hal_msp.o
    0x0800105c   0x0800105c   0x00000002   Code   RO          600    i.HAL_TIM_OC_DelayElapsedCallback  stm32l1xx_hal_tim.o
    0x0800105e   0x0800105e   0x000000d0   Code   RO          621    i.HAL_TIM_PWM_ConfigChannel  stm32l1xx_hal_tim.o
    0x0800112e   0x0800112e   0x00000036   Code   RO          624    i.HAL_TIM_PWM_Init  stm32l1xx_hal_tim.o
    0x08001164   0x08001164   0x00000002   Code   RO          626    i.HAL_TIM_PWM_MspInit  stm32l1xx_hal_tim.o
    0x08001166   0x08001166   0x00000002   Code   RO          627    i.HAL_TIM_PWM_PulseFinishedCallback  stm32l1xx_hal_tim.o
    0x08001168   0x08001168   0x00000002   Code   RO          628    i.HAL_TIM_PWM_PulseFinishedHalfCpltCallback  stm32l1xx_hal_tim.o
    0x0800116a   0x0800116a   0x00000024   Code   RO          629    i.HAL_TIM_PWM_Start  stm32l1xx_hal_tim.o
    0x0800118e   0x0800118e   0x00000002   PAD
    0x08001190   0x08001190   0x00000104   Code   RO          630    i.HAL_TIM_PWM_Start_DMA  stm32l1xx_hal_tim.o
    0x08001294   0x08001294   0x00000002   Code   RO          635    i.HAL_TIM_PeriodElapsedCallback  stm32l1xx_hal_tim.o
    0x08001296   0x08001296   0x00000002   Code   RO          640    i.HAL_TIM_TriggerCallback  stm32l1xx_hal_tim.o
    0x08001298   0x08001298   0x00000002   Code   RO         2388    i.HAL_UART_ErrorCallback  stm32l1xx_hal_uart.o
    0x0800129a   0x0800129a   0x00000002   PAD
    0x0800129c   0x0800129c   0x00000110   Code   RO         2391    i.HAL_UART_IRQHandler  stm32l1xx_hal_uart.o
    0x080013ac   0x080013ac   0x00000062   Code   RO         2392    i.HAL_UART_Init     stm32l1xx_hal_uart.o
    0x0800140e   0x0800140e   0x00000002   PAD
    0x08001410   0x08001410   0x000000c4   Code   RO          301    i.HAL_UART_MspInit  stm32l1xx_hal_msp.o
    0x080014d4   0x080014d4   0x00000052   Code   RO         2397    i.HAL_UART_Receive_IT  stm32l1xx_hal_uart.o
    0x08001526   0x08001526   0x00000002   PAD
    0x08001528   0x08001528   0x000000a0   Code   RO           14    i.HAL_UART_RxCpltCallback  main.o
    0x080015c8   0x080015c8   0x000000ba   Code   RO         2400    i.HAL_UART_Transmit  stm32l1xx_hal_uart.o
    0x08001682   0x08001682   0x00000002   Code   RO         2403    i.HAL_UART_TxCpltCallback  stm32l1xx_hal_uart.o
    0x08001684   0x08001684   0x00000002   Code   RO          199    i.HardFault_Handler  stm32l1xx_it.o
    0x08001686   0x08001686   0x00000002   PAD
    0x08001688   0x08001688   0x00000074   Code   RO           15    i.MX_TIM2_Init      main.o
    0x080016fc   0x080016fc   0x00000002   Code   RO          200    i.MemManage_Handler  stm32l1xx_it.o
    0x080016fe   0x080016fe   0x00000002   Code   RO          201    i.NMI_Handler       stm32l1xx_it.o
    0x08001700   0x08001700   0x00000002   Code   RO          202    i.PendSV_Handler    stm32l1xx_it.o
    0x08001702   0x08001702   0x00000002   PAD
    0x08001704   0x08001704   0x00000080   Code   RO         1443    i.RCC_SetFlashLatencyFromMSIRange  stm32l1xx_hal_rcc.o
    0x08001784   0x08001784   0x00000002   Code   RO          203    i.SVC_Handler       stm32l1xx_it.o
    0x08001786   0x08001786   0x00000004   Code   RO          204    i.SysTick_Handler   stm32l1xx_it.o
    0x0800178a   0x0800178a   0x00000002   PAD
    0x0800178c   0x0800178c   0x00000060   Code   RO           16    i.SystemClock_Config  main.o
    0x080017ec   0x080017ec   0x00000050   Code   RO          352    i.SystemInit        system_stm32l1xx.o
    0x0800183c   0x0800183c   0x0000000c   Code   RO          205    i.TIM2_IRQHandler   stm32l1xx_it.o
    0x08001848   0x08001848   0x00000074   Code   RO          642    i.TIM_Base_SetConfig  stm32l1xx_hal_tim.o
    0x080018bc   0x080018bc   0x0000001a   Code   RO          643    i.TIM_CCxChannelCmd  stm32l1xx_hal_tim.o
    0x080018d6   0x080018d6   0x0000003e   Code   RO          646    i.TIM_DMADelayPulseCplt  stm32l1xx_hal_tim.o
    0x08001914   0x08001914   0x0000003e   Code   RO          647    i.TIM_DMADelayPulseHalfCplt  stm32l1xx_hal_tim.o
    0x08001952   0x08001952   0x00000010   Code   RO          648    i.TIM_DMAError      stm32l1xx_hal_tim.o
    0x08001962   0x08001962   0x00000014   Code   RO          653    i.TIM_ETR_SetConfig  stm32l1xx_hal_tim.o
    0x08001976   0x08001976   0x00000010   Code   RO          654    i.TIM_ITRx_SetConfig  stm32l1xx_hal_tim.o
    0x08001986   0x08001986   0x0000002c   Code   RO          655    i.TIM_OC1_SetConfig  stm32l1xx_hal_tim.o
    0x080019b2   0x080019b2   0x00000030   Code   RO          656    i.TIM_OC2_SetConfig  stm32l1xx_hal_tim.o
    0x080019e2   0x080019e2   0x0000002e   Code   RO          657    i.TIM_OC3_SetConfig  stm32l1xx_hal_tim.o
    0x08001a10   0x08001a10   0x00000030   Code   RO          658    i.TIM_OC4_SetConfig  stm32l1xx_hal_tim.o
    0x08001a40   0x08001a40   0x00000022   Code   RO          660    i.TIM_TI1_ConfigInputStage  stm32l1xx_hal_tim.o
    0x08001a62   0x08001a62   0x00000024   Code   RO          662    i.TIM_TI2_ConfigInputStage  stm32l1xx_hal_tim.o
    0x08001a86   0x08001a86   0x00000010   Code   RO         2405    i.UART_DMAAbortOnError  stm32l1xx_hal_uart.o
    0x08001a96   0x08001a96   0x0000001c   Code   RO         2415    i.UART_EndRxTransfer  stm32l1xx_hal_uart.o
    0x08001ab2   0x08001ab2   0x00000096   Code   RO         2417    i.UART_Receive_IT   stm32l1xx_hal_uart.o
    0x08001b48   0x08001b48   0x00000130   Code   RO         2418    i.UART_SetConfig    stm32l1xx_hal_uart.o
    0x08001c78   0x08001c78   0x00000062   Code   RO         2419    i.UART_Transmit_IT  stm32l1xx_hal_uart.o
    0x08001cda   0x08001cda   0x00000064   Code   RO         2420    i.UART_WaitOnFlagUntilTimeout  stm32l1xx_hal_uart.o
    0x08001d3e   0x08001d3e   0x00000002   PAD
    0x08001d40   0x08001d40   0x0000000c   Code   RO          206    i.USART1_IRQHandler  stm32l1xx_it.o
    0x08001d4c   0x08001d4c   0x0000000c   Code   RO          207    i.USART2_IRQHandler  stm32l1xx_it.o
    0x08001d58   0x08001d58   0x00000002   Code   RO          208    i.UsageFault_Handler  stm32l1xx_it.o
    0x08001d5a   0x08001d5a   0x0000001a   Code   RO          486    i.WS2812B_Init      ws2812b.o
    0x08001d74   0x08001d74   0x00000094   Code   RO          488    i.WS2812B_Show      ws2812b.o
    0x08001e08   0x08001e08   0x00000020   Code   RO         2764    i.__0printf$2       mc_w.l(printf2.o)
    0x08001e28   0x08001e28   0x00000020   Code   RO         2250    i.__NVIC_SetPriority  stm32l1xx_hal_cortex.o
    0x08001e48   0x08001e48   0x0000000e   Code   RO         3000    i.__scatterload_copy  mc_w.l(handlers.o)
    0x08001e56   0x08001e56   0x00000002   Code   RO         3001    i.__scatterload_null  mc_w.l(handlers.o)
    0x08001e58   0x08001e58   0x0000000e   Code   RO         3002    i.__scatterload_zeroinit  mc_w.l(handlers.o)
    0x08001e66   0x08001e66   0x000000d6   Code   RO         2771    i._printf_core      mc_w.l(printf2.o)
    0x08001f3c   0x08001f3c   0x00000028   Code   RO           17    i.fputc             main.o
    0x08001f64   0x08001f64   0x00000090   Code   RO           18    i.ifRecData         main.o
    0x08001ff4   0x08001ff4   0x00000104   Code   RO           19    i.main              main.o
    0x080020f8   0x080020f8   0x0000005c   Code   RO           20    i.processData       main.o
    0x08002154   0x08002154   0x00000048   Code   RO          396    i.setAllPixelColor  colorset.o
    0x0800219c   0x0800219c   0x00000034   Code   RO           21    i.setLights         main.o
    0x080021d0   0x080021d0   0x00000019   Data   RO          353    .constdata          system_stm32l1xx.o
    0x080021e9   0x080021e9   0x00000008   Data   RO          354    .constdata          system_stm32l1xx.o
    0x080021f1   0x080021f1   0x00000003   PAD
    0x080021f4   0x080021f4   0x00000020   Data   RO         2998    Region$$Table       anon$$obj.o


    Execution Region RW_IRAM1 (Exec base: 0x20000000, Load base: 0x08002214, Size: 0x00000d30, Max: 0x00008000, ABSOLUTE)

    Exec Addr    Load Addr    Size         Type   Attr      Idx    E Section Name        Object

    0x20000000   0x08002214   0x00000014   Data   RW           26    .data               main.o
    0x20000014   0x08002228   0x00000004   Data   RW          355    .data               system_stm32l1xx.o
    0x20000018   0x0800222c   0x0000000c   Data   RW         1280    .data               stm32l1xx_hal.o
    0x20000024   0x08002238   0x00000004   Data   RW         2972    .data               mc_w.l(stdout.o)
    0x20000028        -       0x000001bc   Zero   RW           22    .bss                main.o
    0x200001e4        -       0x00000044   Zero   RW           23    .bss                main.o
    0x20000228        -       0x00000702   Zero   RW          489    .bss                ws2812b.o
    0x2000092a   0x0800223c   0x00000006   PAD
    0x20000930        -       0x00000400   Zero   RW            1    STACK               startup_stm32l151xba.o


==============================================================================

Image component sizes


      Code (inc. data)   RO Data    RW Data    ZI Data      Debug   Object Name

        72         12          0          0          0        647   colorset.o
       962        164          0         20        512     368057   main.o
        36          8        244          0       1024        800   startup_stm32l151xba.o
       162         24          0         12          0       3789   stm32l1xx_hal.o
       198         14          0          0          0      30583   stm32l1xx_hal_cortex.o
       514          8          0          0          0       4186   stm32l1xx_hal_dma.o
       396         32          0          0          0       1684   stm32l1xx_hal_gpio.o
       444         40          0          0          0       2990   stm32l1xx_hal_msp.o
      1772        114          0          0          0       6124   stm32l1xx_hal_rcc.o
      1710         36          0          0          0      19006   stm32l1xx_hal_tim.o
        66          0          0          0          0       1176   stm32l1xx_hal_tim_ex.o
      1338         10          0          0          0       9259   stm32l1xx_hal_uart.o
        68         24          0          0          0       5399   stm32l1xx_it.o
        80         18         33          4          0       1183   system_stm32l1xx.o
       174          8          0          0       1794       2265   ws2812b.o

    ----------------------------------------------------------------------
      8016        512        312         36       3336     457148   Object Totals
         0          0         32          0          0          0   (incl. Generated)
        24          0          3          0          6          0   (incl. Padding)

    ----------------------------------------------------------------------

      Code (inc. data)   RO Data    RW Data    ZI Data      Debug   Library Member Name

         0          0          0          0          0          0   entry.o
         0          0          0          0          0          0   entry10a.o
         0          0          0          0          0          0   entry11a.o
         8          4          0          0          0          0   entry2.o
         4          0          0          0          0          0   entry5.o
         0          0          0          0          0          0   entry7b.o
         0          0          0          0          0          0   entry8b.o
         8          4          0          0          0          0   entry9a.o
        30          0          0          0          0          0   handlers.o
        36          8          0          0          0         68   init.o
        36          0          0          0          0        108   memseta.o
       246         10          0          0          0        176   printf2.o
         0          0          0          4          0          0   stdout.o
        28          0          0          0          0         76   strcmp.o

    ----------------------------------------------------------------------
       396         26          0          4          0        428   Library Totals
         0          0          0          0          0          0   (incl. Padding)

    ----------------------------------------------------------------------

      Code (inc. data)   RO Data    RW Data    ZI Data      Debug   Library Name

       396         26          0          4          0        428   mc_w.l

    ----------------------------------------------------------------------
       396         26          0          4          0        428   Library Totals

    ----------------------------------------------------------------------

==============================================================================


      Code (inc. data)   RO Data    RW Data    ZI Data      Debug   

      8412        538        312         40       3336     452892   Grand Totals
      8412        538        312         40       3336     452892   ELF Image Totals
      8412        538        312         40          0          0   ROM Totals

==============================================================================

    Total RO  Size (Code + RO Data)                 8724 (   8.52kB)
    Total RW  Size (RW Data + ZI Data)              3376 (   3.30kB)
    Total ROM Size (Code + RO Data + RW Data)       8764 (   8.56kB)

==============================================================================

