<html>
<body>
<pre>
<h1>µVision Build Log</h1>
<h2>Tool Versions:</h2>
IDE-Version: µVision V5.28.0.0
Copyright (C) 2019 ARM Ltd and ARM Germany GmbH. All rights reserved.
License Information: c cinte, yh, LIC=RC930-BFWCQ-9UU4U-SWLPV-M93MK-TXGBT
 
Tool Versions:
Toolchain:       MDK-ARM Plus  Version: 5.28.0.0
Toolchain Path:  C:\Keil_v5\ARM\ARMCC\Bin
C Compiler:      Armcc.exe V5.06 update 6 (build 750)
Assembler:       Armasm.exe V5.06 update 6 (build 750)
Linker/Locator:  ArmLink.exe V5.06 update 6 (build 750)
Library Manager: ArmAr.exe V5.06 update 6 (build 750)
Hex Converter:   FromElf.exe V5.06 update 6 (build 750)
CPU DLL:         SARMCM3.DLL V5.28.0.0
Dialog DLL:      DCM.DLL V1.17.3.0
Target DLL:      CMSIS_AGDI.dll V1.31.18.0
Dialog DLL:      TCM.DLL V1.36.2.0
 
<h2>Project:</h2>
C:\Users\cinte\Desktop\STM32-BLEControlCenter\Project\RVMDK£¨uv5£©\BH-F103.uvprojx
Project File Date:  04/25/2020

<h2>Output:</h2>
*** Using Compiler 'V5.06 update 6 (build 750)', folder: 'C:\Keil_v5\ARM\ARMCC\Bin'
Rebuild target 'HC05'
assembling startup_stm32f10x_hd.s...
compiling core_cm3.c...
compiling misc.c...
compiling system_stm32f10x.c...
compiling stm32f10x_bkp.c...
compiling stm32f10x_adc.c...
compiling stm32f10x_cec.c...
compiling stm32f10x_can.c...
compiling stm32f10x_crc.c...
compiling stm32f10x_dbgmcu.c...
compiling stm32f10x_exti.c...
compiling stm32f10x_dac.c...
compiling stm32f10x_dma.c...
compiling stm32f10x_fsmc.c...
compiling stm32f10x_flash.c...
compiling stm32f10x_gpio.c...
compiling stm32f10x_i2c.c...
compiling stm32f10x_iwdg.c...
compiling stm32f10x_pwr.c...
compiling stm32f10x_rtc.c...
compiling stm32f10x_sdio.c...
compiling stm32f10x_spi.c...
compiling stm32f10x_rcc.c...
compiling stm32f10x_wwdg.c...
compiling main.c...
..\..\User\main.c(53): warning:  #177-D: variable "hc05_role"  was declared but never referenced
  	static uint8_t hc05_role=0;
..\..\User\main.c(54): warning:  #177-D: variable "count"  was declared but never referenced
  	unsigned long count;
..\..\User\main.c(56): warning:  #177-D: variable "hc05_mode"  was declared but never referenced
  	char hc05_mode[10]="SLAVE";
..\..\User\main.c(57): warning:  #177-D: variable "hc05_name"  was declared but never referenced
  	char hc05_name[30]="HC05_SLAVE";
..\..\User\main.c(58): warning:  #177-D: variable "hc05_nameCMD"  was declared but never referenced
  	char hc05_nameCMD[40];
..\..\User\main.c: 5 warnings, 0 errors
compiling stm32f10x_usart.c...
compiling stm32f10x_it.c...
compiling bsp_led.c...
compiling bsp_SysTick.c...
compiling stm32f10x_tim.c...
compiling bsp_key.c...
compiling bsp_usart.c...
compiling bsp_usart_blt.c...
compiling bsp_bt05.c...
linking...
Program Size: Code=8192 RO-data=380 RW-data=56 ZI-data=7728  
FromELF: creating hex file...
"..\..\Output\HC05.axf" - 0 Error(s), 5 Warning(s).

<h2>Software Packages used:</h2>

Package Vendor: Keil
                http://www.keil.com/pack/Keil.STM32F1xx_DFP.2.3.0.pack
                Keil.STM32F1xx_DFP.2.3.0
                STMicroelectronics STM32F1 Series Device Support, Drivers and Examples

<h2>Collection of Component include folders:</h2>
  .\RTE\_HC05
  C:\Users\cinte\AppData\Local\Arm\Packs\Keil\STM32F1xx_DFP\2.3.0\Device\Include

<h2>Collection of Component Files used:</h2>
Build Time Elapsed:  00:00:09
</pre>
</body>
</html>
